Archive member included because of file (symbol)

/home/xinniw/eclipse/cpp-oxygen/eclipse//arduinoPlugin/packages/arduino/hardware/sam/1.6.11/variants/arduino_due_x/libsam_sam3x8e_gcc_rel.a(startup_sam3xa.o)
                              (Reset_Handler)
/home/xinniw/eclipse/cpp-oxygen/eclipse//arduinoPlugin/packages/arduino/hardware/sam/1.6.11/variants/arduino_due_x/libsam_sam3x8e_gcc_rel.a(uotghs.o)
                              /home/xinniw/eclipse/cpp-oxygen/eclipse//arduinoPlugin/packages/arduino/hardware/sam/1.6.11/variants/arduino_due_x/libsam_sam3x8e_gcc_rel.a(startup_sam3xa.o) (UOTGHS_Handler)
/home/xinniw/Development/arduino/arduino-due-example-project/due_project_runner/Release/arduino.ar(variant.cpp.o)
                              /home/xinniw/eclipse/cpp-oxygen/eclipse//arduinoPlugin/packages/arduino/hardware/sam/1.6.11/variants/arduino_due_x/libsam_sam3x8e_gcc_rel.a(startup_sam3xa.o) (UART_Handler)
/home/xinniw/Development/arduino/arduino-due-example-project/due_project_runner/Release/arduino.ar(Print.cpp.o)
                              ./sloeber.ino.cpp.o (Print::print(char const*))
/home/xinniw/Development/arduino/arduino-due-example-project/due_project_runner/Release/arduino.ar(RingBuffer.cpp.o)
                              /home/xinniw/Development/arduino/arduino-due-example-project/due_project_runner/Release/arduino.ar(variant.cpp.o) (RingBuffer::RingBuffer())
/home/xinniw/Development/arduino/arduino-due-example-project/due_project_runner/Release/arduino.ar(UARTClass.cpp.o)
                              /home/xinniw/Development/arduino/arduino-due-example-project/due_project_runner/Release/arduino.ar(variant.cpp.o) (UARTClass::available())
/home/xinniw/Development/arduino/arduino-due-example-project/due_project_runner/Release/arduino.ar(USARTClass.cpp.o)
                              /home/xinniw/Development/arduino/arduino-due-example-project/due_project_runner/Release/arduino.ar(variant.cpp.o) (USARTClass::USARTClass(Usart*, IRQn, unsigned long, RingBuffer*, RingBuffer*))
/home/xinniw/Development/arduino/arduino-due-example-project/due_project_runner/Release/arduino.ar(WInterrupts.c.o)
                              /home/xinniw/eclipse/cpp-oxygen/eclipse//arduinoPlugin/packages/arduino/hardware/sam/1.6.11/variants/arduino_due_x/libsam_sam3x8e_gcc_rel.a(startup_sam3xa.o) (PIOA_Handler)
/home/xinniw/Development/arduino/arduino-due-example-project/due_project_runner/Release/arduino.ar(abi.cpp.o)
                              /home/xinniw/Development/arduino/arduino-due-example-project/due_project_runner/Release/arduino.ar(Print.cpp.o) (__cxa_pure_virtual)
/home/xinniw/Development/arduino/arduino-due-example-project/due_project_runner/Release/arduino.ar(cortex_handlers.c.o)
                              /home/xinniw/eclipse/cpp-oxygen/eclipse//arduinoPlugin/packages/arduino/hardware/sam/1.6.11/variants/arduino_due_x/libsam_sam3x8e_gcc_rel.a(startup_sam3xa.o) (NMI_Handler)
/home/xinniw/Development/arduino/arduino-due-example-project/due_project_runner/Release/arduino.ar(hooks.c.o)
                              /home/xinniw/Development/arduino/arduino-due-example-project/due_project_runner/Release/arduino.ar(cortex_handlers.c.o) (sysTickHook)
/home/xinniw/Development/arduino/arduino-due-example-project/due_project_runner/Release/arduino.ar(main.cpp.o)
                              /home/xinniw/eclipse/cpp-oxygen/eclipse/arduinoPlugin/packages/arduino/tools/arm-none-eabi-gcc/4.8.3-2014q1/bin/../lib/gcc/arm-none-eabi/4.8.3/../../../../arm-none-eabi/lib/armv7-m/crt0.o (main)
/home/xinniw/Development/arduino/arduino-due-example-project/due_project_runner/Release/arduino.ar(syscalls_sam3.c.o)
                              (_sbrk)
/home/xinniw/Development/arduino/arduino-due-example-project/due_project_runner/Release/arduino.ar(watchdog.cpp.o)
                              /home/xinniw/Development/arduino/arduino-due-example-project/due_project_runner/Release/arduino.ar(main.cpp.o) (watchdogSetup())
/home/xinniw/Development/arduino/arduino-due-example-project/due_project_runner/Release/arduino.ar(wiring.c.o)
                              ./sloeber.ino.cpp.o (delay)
/home/xinniw/Development/arduino/arduino-due-example-project/due_project_runner/Release/arduino.ar(wiring_analog.c.o)
                              /home/xinniw/Development/arduino/arduino-due-example-project/due_project_runner/Release/arduino.ar(variant.cpp.o) (analogOutputInit)
/home/xinniw/Development/arduino/arduino-due-example-project/due_project_runner/Release/arduino.ar(wiring_digital.c.o)
                              /home/xinniw/Development/arduino/arduino-due-example-project/due_project_runner/Release/arduino.ar(wiring_analog.c.o) (pinMode)
/home/xinniw/Development/arduino/arduino-due-example-project/due_project_runner/Release/arduino.ar(USBCore.cpp.o)
                              /home/xinniw/Development/arduino/arduino-due-example-project/due_project_runner/Release/arduino.ar(main.cpp.o) (USBDevice_::attach())
[...]
Memory Configuration

Name             Origin             Length             Attributes
rom              0x0000000000080000 0x0000000000080000 xr
sram0            0x0000000020000000 0x0000000000010000 xrw
sram1            0x0000000020080000 0x0000000000008000 xrw
ram              0x0000000020070000 0x0000000000018000 xrw
*default*        0x0000000000000000 0xffffffffffffffff

Linker script and memory map

LOAD /home/xinniw/eclipse/cpp-oxygen/eclipse/arduinoPlugin/packages/arduino/tools/arm-none-eabi-gcc/4.8.3-2014q1/bin/../lib/gcc/arm-none-eabi/4.8.3/armv7-m/crti.o
LOAD /home/xinniw/eclipse/cpp-oxygen/eclipse/arduinoPlugin/packages/arduino/tools/arm-none-eabi-gcc/4.8.3-2014q1/bin/../lib/gcc/arm-none-eabi/4.8.3/armv7-m/crtbegin.o
LOAD /home/xinniw/eclipse/cpp-oxygen/eclipse/arduinoPlugin/packages/arduino/tools/arm-none-eabi-gcc/4.8.3-2014q1/bin/../lib/gcc/arm-none-eabi/4.8.3/../../../../arm-none-eabi/lib/armv7-m/crt0.o
START GROUP
LOAD ./sloeber.ino.cpp.o
LOAD ./libraries/src/factorial.cpp.o
LOAD /home/xinniw/eclipse/cpp-oxygen/eclipse//arduinoPlugin/packages/arduino/hardware/sam/1.6.11/variants/arduino_due_x/libsam_sam3x8e_gcc_rel.a
LOAD /home/xinniw/Development/arduino/arduino-due-example-project/due_project_runner/Release/arduino.ar
END GROUP
LOAD /home/xinniw/eclipse/cpp-oxygen/eclipse/arduinoPlugin/packages/arduino/tools/arm-none-eabi-gcc/4.8.3-2014q1/bin/../lib/gcc/arm-none-eabi/4.8.3/../../../../arm-none-eabi/lib/armv7-m/libm.a
START GROUP
LOAD /home/xinniw/eclipse/cpp-oxygen/eclipse/arduinoPlugin/packages/arduino/tools/arm-none-eabi-gcc/4.8.3-2014q1/bin/../lib/gcc/arm-none-eabi/4.8.3/armv7-m/libgcc.a
LOAD /home/xinniw/eclipse/cpp-oxygen/eclipse/arduinoPlugin/packages/arduino/tools/arm-none-eabi-gcc/4.8.3-2014q1/bin/../lib/gcc/arm-none-eabi/4.8.3/../../../../arm-none-eabi/lib/armv7-m/libg.a
LOAD /home/xinniw/eclipse/cpp-oxygen/eclipse/arduinoPlugin/packages/arduino/tools/arm-none-eabi-gcc/4.8.3-2014q1/bin/../lib/gcc/arm-none-eabi/4.8.3/../../../../arm-none-eabi/lib/armv7-m/libc.a
END GROUP
LOAD /home/xinniw/eclipse/cpp-oxygen/eclipse/arduinoPlugin/packages/arduino/tools/arm-none-eabi-gcc/4.8.3-2014q1/bin/../lib/gcc/arm-none-eabi/4.8.3/armv7-m/crtend.o
LOAD /home/xinniw/eclipse/cpp-oxygen/eclipse/arduinoPlugin/packages/arduino/tools/arm-none-eabi-gcc/4.8.3-2014q1/bin/../lib/gcc/arm-none-eabi/4.8.3/armv7-m/crtn.o

.text           0x0000000000080000     0x57d4
                0x0000000000080000                . = ALIGN (0x4)
                0x0000000000080000                _sfixed = .
 *(.vectors .vectors.*)
 .vectors       0x0000000000080000       0xf4 /home/xinniw/eclipse/cpp-oxygen/eclipse//arduinoPlugin/packages/arduino/hardware/sam/1.6.11/variants/arduino_due_x/libsam_sam3x8e_gcc_rel.a(startup_sam3xa.o)
                0x0000000000080000                exception_table
 *(.text .text.* .gnu.linkonce.t.*)
 .text          0x00000000000800f4       0x54 /home/xinniw/eclipse/cpp-oxygen/eclipse/arduinoPlugin/packages/arduino/tools/arm-none-eabi-gcc/4.8.3-2014q1/bin/../lib/gcc/arm-none-eabi/4.8.3/armv7-m/crtbegin.o
 .text.loop     0x0000000000080148       0x50 ./sloeber.ino.cpp.o
                0x0000000000080148                loop
 .text.setup    0x0000000000080198       0x24 ./sloeber.ino.cpp.o
                0x0000000000080198                setup
 .text._Z9factoriali
                0x00000000000801bc       0x12 ./libraries/src/factorial.cpp.o
                0x00000000000801bc                factorial(int)
 *fill*         0x00000000000801ce        0x2 
 .text.Reset_Handler
                0x00000000000801d0       0x78 /home/xinniw/eclipse/cpp-oxygen/eclipse//arduinoPlugin/packages/arduino/hardware/sam/1.6.11/variants/arduino_due_x/libsam_sam3x8e_gcc_rel.a(startup_sam3xa.o)
                0x00000000000801d0                Reset_Handler
 .text.UOTGHS_Handler
                0x0000000000080248       0x10 /home/xinniw/eclipse/cpp-oxygen/eclipse//arduinoPlugin/packages/arduino/hardware/sam/1.6.11/variants/arduino_due_x/libsam_sam3x8e_gcc_rel.a(uotghs.o)
                0x0000000000080248                UOTGHS_Handler
 .text._Z11serialEventv
                0x0000000000080258        0x2 /home/xinniw/Development/arduino/arduino-due-example-project/due_project_runner/Release/arduino.ar(variant.cpp.o)
                0x0000000000080258                serialEvent()
 *fill*         0x000000000008025a        0x2 
 .text.UART_Handler
                0x000000000008025c        0xc /home/xinniw/Development/arduino/arduino-due-example-project/due_project_runner/Release/arduino.ar(variant.cpp.o)
                0x000000000008025c                UART_Handler
 .text._Z12serialEvent1v
                0x0000000000080268        0x2 /home/xinniw/Development/arduino/arduino-due-example-project/due_project_runner/Release/arduino.ar(variant.cpp.o)
                0x0000000000080268                serialEvent1()
 .text._Z12serialEvent2v
                0x000000000008026a        0x2 /home/xinniw/Development/arduino/arduino-due-example-project/due_project_runner/Release/arduino.ar(variant.cpp.o)
                0x000000000008026a                serialEvent2()
 .text._Z12serialEvent3v
                0x000000000008026c        0x2 /home/xinniw/Development/arduino/arduino-due-example-project/due_project_runner/Release/arduino.ar(variant.cpp.o)
                0x000000000008026c                serialEvent3()
 *fill*         0x000000000008026e        0x2 
 .text.USART0_Handler
                0x0000000000080270        0xc /home/xinniw/Development/arduino/arduino-due-example-project/due_project_runner/Release/arduino.ar(variant.cpp.o)
                0x0000000000080270                USART0_Handler
 .text.USART1_Handler
                0x000000000008027c        0xc /home/xinniw/Development/arduino/arduino-due-example-project/due_project_runner/Release/arduino.ar(variant.cpp.o)
                0x000000000008027c                USART1_Handler
 .text.USART3_Handler
                0x0000000000080288        0xc /home/xinniw/Development/arduino/arduino-due-example-project/due_project_runner/Release/arduino.ar(variant.cpp.o)
                0x0000000000080288                USART3_Handler
 .text.init     0x0000000000080294      0x128 /home/xinniw/Development/arduino/arduino-due-example-project/due_project_runner/Release/arduino.ar(variant.cpp.o)
                0x0000000000080294                init
 .text.startup._GLOBAL__sub_I_g_APinDescription
                0x00000000000803bc       0xd4 /home/xinniw/Development/arduino/arduino-due-example-project/due_project_runner/Release/arduino.ar(variant.cpp.o)
 .text._Z14serialEventRunv
                0x0000000000080490       0x44 /home/xinniw/Development/arduino/arduino-due-example-project/due_project_runner/Release/arduino.ar(variant.cpp.o)
                0x0000000000080490                serialEventRun()
 .text._ZN5Print5writeEPKhj
                0x00000000000804d4       0x22 /home/xinniw/Development/arduino/arduino-due-example-project/due_project_runner/Release/arduino.ar(Print.cpp.o)
                0x00000000000804d4                Print::write(unsigned char const*, unsigned int)
 .text._ZN5Print5writeEPKc
                0x00000000000804f6       0x1e /home/xinniw/Development/arduino/arduino-due-example-project/due_project_runner/Release/arduino.ar(Print.cpp.o)
                0x00000000000804f6                Print::write(char const*)
 .text._ZN5Print5printEPKc
                0x0000000000080514        0x8 /home/xinniw/Development/arduino/arduino-due-example-project/due_project_runner/Release/arduino.ar(Print.cpp.o)
                0x0000000000080514                Print::print(char const*)
 .text._ZN5Print5printEc
                0x000000000008051c        0xa /home/xinniw/Development/arduino/arduino-due-example-project/due_project_runner/Release/arduino.ar(Print.cpp.o)
                0x000000000008051c                Print::print(char)
 *fill*         0x0000000000080526        0x2 
 .text._ZN5Print7printlnEv
                0x0000000000080528       0x10 /home/xinniw/Development/arduino/arduino-due-example-project/due_project_runner/Release/arduino.ar(Print.cpp.o)
                0x0000000000080528                Print::println()
 .text._ZN5Print7printlnEPKc
                0x0000000000080538       0x14 /home/xinniw/Development/arduino/arduino-due-example-project/due_project_runner/Release/arduino.ar(Print.cpp.o)
                0x0000000000080538                Print::println(char const*)
 .text._ZN5Print11printNumberEmh
                0x000000000008054c       0x3e /home/xinniw/Development/arduino/arduino-due-example-project/due_project_runner/Release/arduino.ar(Print.cpp.o)
                0x000000000008054c                Print::printNumber(unsigned long, unsigned char)
 .text._ZN5Print5printEli
                0x000000000008058a       0x3c /home/xinniw/Development/arduino/arduino-due-example-project/due_project_runner/Release/arduino.ar(Print.cpp.o)
                0x000000000008058a                Print::print(long, int)
 .text._ZN5Print7printlnEii
                0x00000000000805c6       0x14 /home/xinniw/Development/arduino/arduino-due-example-project/due_project_runner/Release/arduino.ar(Print.cpp.o)
                0x00000000000805c6                Print::println(int, int)
 .text._ZN10RingBufferC2Ev
                0x00000000000805da       0x1a /home/xinniw/Development/arduino/arduino-due-example-project/due_project_runner/Release/arduino.ar(RingBuffer.cpp.o)
                0x00000000000805da                RingBuffer::RingBuffer()
                0x00000000000805da                RingBuffer::RingBuffer()
 .text._ZN10RingBuffer10store_charEh
                0x00000000000805f4       0x1e /home/xinniw/Development/arduino/arduino-due-example-project/due_project_runner/Release/arduino.ar(RingBuffer.cpp.o)
                0x00000000000805f4                RingBuffer::store_char(unsigned char)
 .text._ZN9UARTClasscvbEv
                0x0000000000080612        0x4 /home/xinniw/Development/arduino/arduino-due-example-project/due_project_runner/Release/arduino.ar(UARTClass.cpp.o)
                0x0000000000080612                UARTClass::operator bool()
 .text._ZN9UARTClass9availableEv
                0x0000000000080616       0x12 /home/xinniw/Development/arduino/arduino-due-example-project/due_project_runner/Release/arduino.ar(UARTClass.cpp.o)
                0x0000000000080616                UARTClass::available()
 .text._ZN9UARTClass4peekEv
                0x0000000000080628       0x1c /home/xinniw/Development/arduino/arduino-due-example-project/due_project_runner/Release/arduino.ar(UARTClass.cpp.o)
                0x0000000000080628                UARTClass::peek()
 .text._ZN9UARTClass4readEv
                0x0000000000080644       0x2a /home/xinniw/Development/arduino/arduino-due-example-project/due_project_runner/Release/arduino.ar(UARTClass.cpp.o)
                0x0000000000080644                UARTClass::read()
 .text._ZN9UARTClass5flushEv
                0x000000000008066e       0x18 /home/xinniw/Development/arduino/arduino-due-example-project/due_project_runner/Release/arduino.ar(UARTClass.cpp.o)
                0x000000000008066e                UARTClass::flush()
 *fill*         0x0000000000080686        0x2 
 .text._ZN9UARTClass5writeEh
                0x0000000000080688       0x54 /home/xinniw/Development/arduino/arduino-due-example-project/due_project_runner/Release/arduino.ar(UARTClass.cpp.o)
                0x0000000000080688                UARTClass::write(unsigned char)
 .text._ZN9UARTClass3endEv
                0x00000000000806dc       0x3c /home/xinniw/Development/arduino/arduino-due-example-project/due_project_runner/Release/arduino.ar(UARTClass.cpp.o)
                0x00000000000806dc                UARTClass::end()
 .text._ZN9UARTClassC2EP4Uart4IRQnmP10RingBufferS4_
                0x0000000000080718       0x24 /home/xinniw/Development/arduino/arduino-due-example-project/due_project_runner/Release/arduino.ar(UARTClass.cpp.o)
                0x0000000000080718                UARTClass::UARTClass(Uart*, IRQn, unsigned long, RingBuffer*, RingBuffer*)
                0x0000000000080718                UARTClass::UARTClass(Uart*, IRQn, unsigned long, RingBuffer*, RingBuffer*)
 .text._ZN9UARTClass4initEmm
                0x000000000008073c       0x70 /home/xinniw/Development/arduino/arduino-due-example-project/due_project_runner/Release/arduino.ar(UARTClass.cpp.o)
                0x000000000008073c                UARTClass::init(unsigned long, unsigned long)
 .text._ZN9UARTClass5beginEm
                0x00000000000807ac        0x8 /home/xinniw/Development/arduino/arduino-due-example-project/due_project_runner/Release/arduino.ar(UARTClass.cpp.o)
                0x00000000000807ac                UARTClass::begin(unsigned long)
 .text._ZN9UARTClass10IrqHandlerEv
                0x00000000000807b4       0x5a /home/xinniw/Development/arduino/arduino-due-example-project/due_project_runner/Release/arduino.ar(UARTClass.cpp.o)
                0x00000000000807b4                UARTClass::IrqHandler()
 .text._ZN10USARTClass5beginEm
                0x000000000008080e        0x8 /home/xinniw/Development/arduino/arduino-due-example-project/due_project_runner/Release/arduino.ar(USARTClass.cpp.o)
                0x000000000008080e                USARTClass::begin(unsigned long)
 *fill*         0x0000000000080816        0x2 
 .text._ZN10USARTClassC2EP5Usart4IRQnmP10RingBufferS4_
                0x0000000000080818       0x24 /home/xinniw/Development/arduino/arduino-due-example-project/due_project_runner/Release/arduino.ar(USARTClass.cpp.o)
                0x0000000000080818                USARTClass::USARTClass(Usart*, IRQn, unsigned long, RingBuffer*, RingBuffer*)
                0x0000000000080818                USARTClass::USARTClass(Usart*, IRQn, unsigned long, RingBuffer*, RingBuffer*)
 .text.PIOA_Handler
                0x000000000008083c       0x38 /home/xinniw/Development/arduino/arduino-due-example-project/due_project_runner/Release/arduino.ar(WInterrupts.c.o)
                0x000000000008083c                PIOA_Handler
 .text.PIOB_Handler
                0x0000000000080874       0x38 /home/xinniw/Development/arduino/arduino-due-example-project/due_project_runner/Release/arduino.ar(WInterrupts.c.o)
                0x0000000000080874                PIOB_Handler
 .text.PIOC_Handler
                0x00000000000808ac       0x38 /home/xinniw/Development/arduino/arduino-due-example-project/due_project_runner/Release/arduino.ar(WInterrupts.c.o)
                0x00000000000808ac                PIOC_Handler
 .text.PIOD_Handler
                0x00000000000808e4       0x38 /home/xinniw/Development/arduino/arduino-due-example-project/due_project_runner/Release/arduino.ar(WInterrupts.c.o)
                0x00000000000808e4                PIOD_Handler
 .text.__halt   0x000000000008091c        0x2 /home/xinniw/Development/arduino/arduino-due-example-project/due_project_runner/Release/arduino.ar(cortex_handlers.c.o)
                0x000000000008091c                DACC_Handler
                0x000000000008091c                DebugMon_Handler
                0x000000000008091c                DMAC_Handler
                0x000000000008091c                TRNG_Handler
                0x000000000008091c                HardFault_Handler
                0x000000000008091c                TC2_Handler
                0x000000000008091c                TWI1_Handler
                0x000000000008091c                NMI_Handler
                0x000000000008091c                TC7_Handler
                0x000000000008091c                ADC_Handler
                0x000000000008091c                SMC_Handler
                0x000000000008091c                RTT_Handler
                0x000000000008091c                EFC1_Handler
                0x000000000008091c                RTC_Handler
                0x000000000008091c                UsageFault_Handler
                0x000000000008091c                TC6_Handler
                0x000000000008091c                WDT_Handler
                0x000000000008091c                CAN0_Handler
                0x000000000008091c                TC4_Handler
                0x000000000008091c                TC1_Handler
                0x000000000008091c                HSMCI_Handler
                0x000000000008091c                TC3_Handler
                0x000000000008091c                TWI0_Handler
                0x000000000008091c                SSC_Handler
                0x000000000008091c                EFC0_Handler
                0x000000000008091c                PMC_Handler
                0x000000000008091c                PWM_Handler
                0x000000000008091c                CAN1_Handler
                0x000000000008091c                MemManage_Handler
                0x000000000008091c                SUPC_Handler
                0x000000000008091c                TC8_Handler
                0x000000000008091c                USART2_Handler
                0x000000000008091c                EMAC_Handler
                0x000000000008091c                BusFault_Handler
                0x000000000008091c                RSTC_Handler
                0x000000000008091c                TC0_Handler
                0x000000000008091c                TC5_Handler
                0x000000000008091c                SPI0_Handler
 .text.SVC_Handler
                0x000000000008091e        0x4 /home/xinniw/Development/arduino/arduino-due-example-project/due_project_runner/Release/arduino.ar(cortex_handlers.c.o)
                0x000000000008091e                SVC_Handler
 .text.PendSV_Handler
                0x0000000000080922        0x4 /home/xinniw/Development/arduino/arduino-due-example-project/due_project_runner/Release/arduino.ar(cortex_handlers.c.o)
                0x0000000000080922                PendSV_Handler
 .text.SysTick_Handler
                0x0000000000080926       0x16 /home/xinniw/Development/arduino/arduino-due-example-project/due_project_runner/Release/arduino.ar(cortex_handlers.c.o)
                0x0000000000080926                SysTick_Handler
 .text.__empty  0x000000000008093c        0x2 /home/xinniw/Development/arduino/arduino-due-example-project/due_project_runner/Release/arduino.ar(hooks.c.o)
                0x000000000008093c                yield
 .text.__false  0x000000000008093e        0x4 /home/xinniw/Development/arduino/arduino-due-example-project/due_project_runner/Release/arduino.ar(hooks.c.o)
                0x000000000008093e                sysTickHook
 .text.__halt   0x0000000000080942        0x2 /home/xinniw/Development/arduino/arduino-due-example-project/due_project_runner/Release/arduino.ar(hooks.c.o)
                0x0000000000080942                pendSVHook
                0x0000000000080942                svcHook
 .text.initVariant
                0x0000000000080944        0x2 /home/xinniw/Development/arduino/arduino-due-example-project/due_project_runner/Release/arduino.ar(main.cpp.o)
                0x0000000000080944                initVariant
 *fill*         0x0000000000080946        0x2 
 .text.startup.main
                0x0000000000080948       0x38 /home/xinniw/Development/arduino/arduino-due-example-project/due_project_runner/Release/arduino.ar(main.cpp.o)
                0x0000000000080948                main
 .text._sbrk    0x0000000000080980       0x1c /home/xinniw/Development/arduino/arduino-due-example-project/due_project_runner/Release/arduino.ar(syscalls_sam3.c.o)
                0x0000000000080980                _sbrk
 .text.link     0x000000000008099c        0x6 /home/xinniw/Development/arduino/arduino-due-example-project/due_project_runner/Release/arduino.ar(syscalls_sam3.c.o)
                0x000000000008099c                link
 .text._close   0x00000000000809a2        0x6 /home/xinniw/Development/arduino/arduino-due-example-project/due_project_runner/Release/arduino.ar(syscalls_sam3.c.o)
                0x00000000000809a2                _close
 .text._fstat   0x00000000000809a8        0xa /home/xinniw/Development/arduino/arduino-due-example-project/due_project_runner/Release/arduino.ar(syscalls_sam3.c.o)
                0x00000000000809a8                _fstat
 .text._isatty  0x00000000000809b2        0x4 /home/xinniw/Development/arduino/arduino-due-example-project/due_project_runner/Release/arduino.ar(syscalls_sam3.c.o)
                0x00000000000809b2                _isatty
 .text._lseek   0x00000000000809b6        0x4 /home/xinniw/Development/arduino/arduino-due-example-project/due_project_runner/Release/arduino.ar(syscalls_sam3.c.o)
                0x00000000000809b6                _lseek
 .text._read    0x00000000000809ba        0x4 /home/xinniw/Development/arduino/arduino-due-example-project/due_project_runner/Release/arduino.ar(syscalls_sam3.c.o)
                0x00000000000809ba                _read
 *fill*         0x00000000000809be        0x2 
 .text._write   0x00000000000809c0       0x24 /home/xinniw/Development/arduino/arduino-due-example-project/due_project_runner/Release/arduino.ar(syscalls_sam3.c.o)
                0x00000000000809c0                _write
 .text._exit    0x00000000000809e4       0x10 /home/xinniw/Development/arduino/arduino-due-example-project/due_project_runner/Release/arduino.ar(syscalls_sam3.c.o)
                0x00000000000809e4                _exit
 .text._kill    0x00000000000809f4        0x2 /home/xinniw/Development/arduino/arduino-due-example-project/due_project_runner/Release/arduino.ar(syscalls_sam3.c.o)
                0x00000000000809f4                _kill
 .text._getpid  0x00000000000809f6        0x6 /home/xinniw/Development/arduino/arduino-due-example-project/due_project_runner/Release/arduino.ar(syscalls_sam3.c.o)
                0x00000000000809f6                _getpid
 .text._watchdogDefaultSetup
                0x00000000000809fc        0xc /home/xinniw/Development/arduino/arduino-due-example-project/due_project_runner/Release/arduino.ar(watchdog.cpp.o)
                0x00000000000809fc                watchdogSetup()
                0x00000000000809fc                _watchdogDefaultSetup
 .text.delay    0x0000000000080a08       0x1c /home/xinniw/Development/arduino/arduino-due-example-project/due_project_runner/Release/arduino.ar(wiring.c.o)
                0x0000000000080a08                delay
 .text.analogOutputInit
                0x0000000000080a24        0x2 /home/xinniw/Development/arduino/arduino-due-example-project/due_project_runner/Release/arduino.ar(wiring_analog.c.o)
                0x0000000000080a24                analogOutputInit
 *fill*         0x0000000000080a26        0x2 
 .text.pinMode  0x0000000000080a28      0x108 /home/xinniw/Development/arduino/arduino-due-example-project/due_project_runner/Release/arduino.ar(wiring_digital.c.o)
                0x0000000000080a28                pinMode
 .text.digitalWrite
                0x0000000000080b30       0x70 /home/xinniw/Development/arduino/arduino-due-example-project/due_project_runner/Release/arduino.ar(wiring_digital.c.o)
                0x0000000000080b30                digitalWrite
 .text.unlikely._ZL11USB_SendZlpv
                0x0000000000080ba0       0x20 /home/xinniw/Development/arduino/arduino-due-example-project/due_project_runner/Release/arduino.ar(USBCore.cpp.o)
 .text._Z14USBD_Availablem
                0x0000000000080bc0       0x2c /home/xinniw/Development/arduino/arduino-due-example-project/due_project_runner/Release/arduino.ar(USBCore.cpp.o)
                0x0000000000080bc0                USBD_Available(unsigned long)
 .text._Z9USBD_RecvmPvm
                0x0000000000080bec       0x7c /home/xinniw/Development/arduino/arduino-due-example-project/due_project_runner/Release/arduino.ar(USBCore.cpp.o)
                0x0000000000080bec                USBD_Recv(unsigned long, void*, unsigned long)
 .text._Z9USBD_Recvm
                0x0000000000080c68       0x22 /home/xinniw/Development/arduino/arduino-due-example-project/due_project_runner/Release/arduino.ar(USBCore.cpp.o)
                0x0000000000080c68                USBD_Recv(unsigned long)
 *fill*         0x0000000000080c8a        0x2 
 .text._Z9USBD_SendmPKvm
                0x0000000000080c8c       0x4c /home/xinniw/Development/arduino/arduino-due-example-project/due_project_runner/Release/arduino.ar(USBCore.cpp.o)
                0x0000000000080c8c                USBD_Send(unsigned long, void const*, unsigned long)
 .text._Z16USBD_SendControlhPKvm
                0x0000000000080cd8       0x40 /home/xinniw/Development/arduino/arduino-due-example-project/due_project_runner/Release/arduino.ar(USBCore.cpp.o)
                0x0000000000080cd8                USBD_SendControl(unsigned char, void const*, unsigned long)
 .text.unlikely._ZL24USB_SendStringDescriptorPKhi
                0x0000000000080d18       0x64 /home/xinniw/Development/arduino/arduino-due-example-project/due_project_runner/Release/arduino.ar(USBCore.cpp.o)
 .text._Z16USBD_RecvControlPvm
                0x0000000000080d7c       0x1c /home/xinniw/Development/arduino/arduino-due-example-project/due_project_runner/Release/arduino.ar(USBCore.cpp.o)
                0x0000000000080d7c                USBD_RecvControl(void*, unsigned long)
 .text._Z26USBD_ClassInterfaceRequestR8USBSetup
                0x0000000000080d98       0x1e /home/xinniw/Development/arduino/arduino-due-example-project/due_project_runner/Release/arduino.ar(USBCore.cpp.o)
                0x0000000000080d98                USBD_ClassInterfaceRequest(USBSetup&)
 .text._Z19USBD_SendInterfacesv
                0x0000000000080db6       0x22 /home/xinniw/Development/arduino/arduino-due-example-project/due_project_runner/Release/arduino.ar(USBCore.cpp.o)
                0x0000000000080db6                USBD_SendInterfaces()
 .text._Z24USBD_SendOtherInterfacesv
                0x0000000000080dd8       0x22 /home/xinniw/Development/arduino/arduino-due-example-project/due_project_runner/Release/arduino.ar(USBCore.cpp.o)
                0x0000000000080dd8                USBD_SendOtherInterfaces()
 .text._Z10USBD_Flushm
                0x0000000000080dfa       0x16 /home/xinniw/Development/arduino/arduino-due-example-project/due_project_runner/Release/arduino.ar(USBCore.cpp.o)
                0x0000000000080dfa                USBD_Flush(unsigned long)
 .text._ZN10USBDevice_C2Ev
                0x0000000000080e10       0x24 /home/xinniw/Development/arduino/arduino-due-example-project/due_project_runner/Release/arduino.ar(USBCore.cpp.o)
                0x0000000000080e10                USBDevice_::USBDevice_()
                0x0000000000080e10                USBDevice_::USBDevice_()
 .text._ZN10USBDevice_6attachEv
                0x0000000000080e34       0x20 /home/xinniw/Development/arduino/arduino-due-example-project/due_project_runner/Release/arduino.ar(USBCore.cpp.o)
                0x0000000000080e34                USBDevice_::attach()
 .text.startup._GLOBAL__sub_I_EndPoints
                0x0000000000080e54        0xc /home/xinniw/Development/arduino/arduino-due-example-project/due_project_runner/Release/arduino.ar(USBCore.cpp.o)
 .text._ZL7USB_ISRv
                0x0000000000080e60      0x454 /home/xinniw/Development/arduino/arduino-due-example-project/due_project_runner/Release/arduino.ar(USBCore.cpp.o)
 .text.initiateReset
                0x00000000000812b4        0xc /home/xinniw/Development/arduino/arduino-due-example-project/due_project_runner/Release/arduino.ar(Reset.cpp.o)
                0x00000000000812b4                initiateReset
 .text.cancelReset
                0x00000000000812c0       0x10 /home/xinniw/Development/arduino/arduino-due-example-project/due_project_runner/Release/arduino.ar(Reset.cpp.o)
                0x00000000000812c0                cancelReset
 .text.tickReset
                0x00000000000812d0       0x20 /home/xinniw/Development/arduino/arduino-due-example-project/due_project_runner/Release/arduino.ar(Reset.cpp.o)
                0x00000000000812d0                tickReset
 .text._ZN7Serial_9availableEv
                0x00000000000812f0       0x18 /home/xinniw/Development/arduino/arduino-due-example-project/due_project_runner/Release/arduino.ar(CDC.cpp.o)
                0x00000000000812f0                Serial_::available()
 .text._ZN7Serial_17availableForWriteEv
                0x0000000000081308        0x6 /home/xinniw/Development/arduino/arduino-due-example-project/due_project_runner/Release/arduino.ar(CDC.cpp.o)
                0x0000000000081308                Serial_::availableForWrite()
 *fill*         0x000000000008130e        0x2 
 .text._ZN7Serial_4peekEv
                0x0000000000081310       0x20 /home/xinniw/Development/arduino/arduino-due-example-project/due_project_runner/Release/arduino.ar(CDC.cpp.o)
                0x0000000000081310                Serial_::peek()
 .text._ZN7Serial_5writeEh
                0x0000000000081330       0x16 /home/xinniw/Development/arduino/arduino-due-example-project/due_project_runner/Release/arduino.ar(CDC.cpp.o)
                0x0000000000081330                Serial_::write(unsigned char)
 *fill*         0x0000000000081346        0x2 
 .text._ZN7Serial_4readEv
                0x0000000000081348       0x44 /home/xinniw/Development/arduino/arduino-due-example-project/due_project_runner/Release/arduino.ar(CDC.cpp.o)
                0x0000000000081348                Serial_::read()
 .text._ZN7Serial_5flushEv
                0x000000000008138c        0x6 /home/xinniw/Development/arduino/arduino-due-example-project/due_project_runner/Release/arduino.ar(CDC.cpp.o)
                0x000000000008138c                Serial_::flush()
 *fill*         0x0000000000081392        0x2 
 .text._ZN7Serial_6acceptEv
                0x0000000000081394       0x70 /home/xinniw/Development/arduino/arduino-due-example-project/due_project_runner/Release/arduino.ar(CDC.cpp.o)
                0x0000000000081394                Serial_::accept()
 .text._ZN7Serial_5writeEPKhj
                0x0000000000081404       0x2c /home/xinniw/Development/arduino/arduino-due-example-project/due_project_runner/Release/arduino.ar(CDC.cpp.o)
                0x0000000000081404                Serial_::write(unsigned char const*, unsigned int)
 .text._Z16CDC_GetInterfacePh
                0x0000000000081430       0x14 /home/xinniw/Development/arduino/arduino-due-example-project/due_project_runner/Release/arduino.ar(CDC.cpp.o)
                0x0000000000081430                CDC_GetInterface(unsigned char*)
 .text._Z21CDC_GetOtherInterfacePh
                0x0000000000081444       0x14 /home/xinniw/Development/arduino/arduino-due-example-project/due_project_runner/Release/arduino.ar(CDC.cpp.o)
                0x0000000000081444                CDC_GetOtherInterface(unsigned char*)
 .text._Z9CDC_SetupR8USBSetup
                0x0000000000081458       0x78 /home/xinniw/Development/arduino/arduino-due-example-project/due_project_runner/Release/arduino.ar(CDC.cpp.o)
                0x0000000000081458                CDC_Setup(USBSetup&)
 .text.startup._GLOBAL__sub_I_cdc_rx_buffer
                0x00000000000814d0       0x1c /home/xinniw/Development/arduino/arduino-due-example-project/due_project_runner/Release/arduino.ar(CDC.cpp.o)
 .text._ZN13PluggableUSB_12getInterfaceEPh
                0x00000000000814ec       0x28 /home/xinniw/Development/arduino/arduino-due-example-project/due_project_runner/Release/arduino.ar(PluggableUSB.cpp.o)
                0x00000000000814ec                PluggableUSB_::getInterface(unsigned char*)
 .text._ZN13PluggableUSB_13getDescriptorER8USBSetup
                0x0000000000081514       0x1c /home/xinniw/Development/arduino/arduino-due-example-project/due_project_runner/Release/arduino.ar(PluggableUSB.cpp.o)
                0x0000000000081514                PluggableUSB_::getDescriptor(USBSetup&)
 .text._ZN13PluggableUSB_12getShortNameEPc
                0x0000000000081530       0x1c /home/xinniw/Development/arduino/arduino-due-example-project/due_project_runner/Release/arduino.ar(PluggableUSB.cpp.o)
                0x0000000000081530                PluggableUSB_::getShortName(char*)
 .text._ZN13PluggableUSB_5setupER8USBSetup
                0x000000000008154c       0x20 /home/xinniw/Development/arduino/arduino-due-example-project/due_project_runner/Release/arduino.ar(PluggableUSB.cpp.o)
                0x000000000008154c                PluggableUSB_::setup(USBSetup&)
 .text._Z12PluggableUSBv
                0x000000000008156c       0x28 /home/xinniw/Development/arduino/arduino-due-example-project/due_project_runner/Release/arduino.ar(PluggableUSB.cpp.o)
                0x000000000008156c                PluggableUSB()
 .text.PIO_PullUp
                0x0000000000081594        0xa /home/xinniw/eclipse/cpp-oxygen/eclipse//arduinoPlugin/packages/arduino/hardware/sam/1.6.11/variants/arduino_due_x/libsam_sam3x8e_gcc_rel.a(pio.o)
                0x0000000000081594                PIO_PullUp
 .text.PIO_SetPeripheral
                0x000000000008159e       0x26 /home/xinniw/eclipse/cpp-oxygen/eclipse//arduinoPlugin/packages/arduino/hardware/sam/1.6.11/variants/arduino_due_x/libsam_sam3x8e_gcc_rel.a(pio.o)
                0x000000000008159e                PIO_SetPeripheral
 .text.PIO_SetInput
                0x00000000000815c4       0x26 /home/xinniw/eclipse/cpp-oxygen/eclipse//arduinoPlugin/packages/arduino/hardware/sam/1.6.11/variants/arduino_due_x/libsam_sam3x8e_gcc_rel.a(pio.o)
                0x00000000000815c4                PIO_SetInput
 .text.PIO_SetOutput
                0x00000000000815ea       0x24 /home/xinniw/eclipse/cpp-oxygen/eclipse//arduinoPlugin/packages/arduino/hardware/sam/1.6.11/variants/arduino_due_x/libsam_sam3x8e_gcc_rel.a(pio.o)
                0x00000000000815ea                PIO_SetOutput
 *fill*         0x000000000008160e        0x2 
 .text.PIO_Configure
                0x0000000000081610       0x64 /home/xinniw/eclipse/cpp-oxygen/eclipse//arduinoPlugin/packages/arduino/hardware/sam/1.6.11/variants/arduino_due_x/libsam_sam3x8e_gcc_rel.a(pio.o)
                0x0000000000081610                PIO_Configure
 .text.PIO_GetOutputDataStatus
                0x0000000000081674       0x14 /home/xinniw/eclipse/cpp-oxygen/eclipse//arduinoPlugin/packages/arduino/hardware/sam/1.6.11/variants/arduino_due_x/libsam_sam3x8e_gcc_rel.a(pio.o)
                0x0000000000081674                PIO_GetOutputDataStatus
 .text.pmc_enable_upll_clock
                0x0000000000081688       0x14 /home/xinniw/eclipse/cpp-oxygen/eclipse//arduinoPlugin/packages/arduino/hardware/sam/1.6.11/variants/arduino_due_x/libsam_sam3x8e_gcc_rel.a(pmc.o)
                0x0000000000081688                pmc_enable_upll_clock
 .text.pmc_enable_periph_clk
                0x000000000008169c       0x44 /home/xinniw/eclipse/cpp-oxygen/eclipse//arduinoPlugin/packages/arduino/hardware/sam/1.6.11/variants/arduino_due_x/libsam_sam3x8e_gcc_rel.a(pmc.o)
                0x000000000008169c                pmc_enable_periph_clk
 .text.pmc_disable_periph_clk
                0x00000000000816e0       0x40 /home/xinniw/eclipse/cpp-oxygen/eclipse//arduinoPlugin/packages/arduino/hardware/sam/1.6.11/variants/arduino_due_x/libsam_sam3x8e_gcc_rel.a(pmc.o)
                0x00000000000816e0                pmc_disable_periph_clk
 .text.pmc_switch_udpck_to_upllck
                0x0000000000081720       0x14 /home/xinniw/eclipse/cpp-oxygen/eclipse//arduinoPlugin/packages/arduino/hardware/sam/1.6.11/variants/arduino_due_x/libsam_sam3x8e_gcc_rel.a(pmc.o)
                0x0000000000081720                pmc_switch_udpck_to_upllck
 .text.pmc_enable_udpck
                0x0000000000081734        0xc /home/xinniw/eclipse/cpp-oxygen/eclipse//arduinoPlugin/packages/arduino/hardware/sam/1.6.11/variants/arduino_due_x/libsam_sam3x8e_gcc_rel.a(pmc.o)
                0x0000000000081734                pmc_enable_udpck
 .text.TimeTick_Increment
                0x0000000000081740       0x10 /home/xinniw/eclipse/cpp-oxygen/eclipse//arduinoPlugin/packages/arduino/hardware/sam/1.6.11/variants/arduino_due_x/libsam_sam3x8e_gcc_rel.a(timetick.o)
                0x0000000000081740                TimeTick_Increment
 .text.GetTickCount
                0x0000000000081750        0xc /home/xinniw/eclipse/cpp-oxygen/eclipse//arduinoPlugin/packages/arduino/hardware/sam/1.6.11/variants/arduino_due_x/libsam_sam3x8e_gcc_rel.a(timetick.o)
                0x0000000000081750                GetTickCount
 .text.WDT_Disable
                0x000000000008175c        0x8 /home/xinniw/eclipse/cpp-oxygen/eclipse//arduinoPlugin/packages/arduino/hardware/sam/1.6.11/variants/arduino_due_x/libsam_sam3x8e_gcc_rel.a(wdt.o)
                0x000000000008175c                WDT_Disable
 .text.SystemInit
                0x0000000000081764       0x88 /home/xinniw/eclipse/cpp-oxygen/eclipse//arduinoPlugin/packages/arduino/hardware/sam/1.6.11/variants/arduino_due_x/libsam_sam3x8e_gcc_rel.a(system_sam3xa.o)
                0x0000000000081764                SystemInit
 .text.adc_init
                0x00000000000817ec       0x98 /home/xinniw/eclipse/cpp-oxygen/eclipse//arduinoPlugin/packages/arduino/hardware/sam/1.6.11/variants/arduino_due_x/libsam_sam3x8e_gcc_rel.a(adc.o)
                0x00000000000817ec                adc_init
 .text.adc_configure_trigger
                0x0000000000081884        0xe /home/xinniw/eclipse/cpp-oxygen/eclipse//arduinoPlugin/packages/arduino/hardware/sam/1.6.11/variants/arduino_due_x/libsam_sam3x8e_gcc_rel.a(adc.o)
                0x0000000000081884                adc_configure_trigger
 .text.adc_configure_timing
                0x0000000000081892       0x1a /home/xinniw/eclipse/cpp-oxygen/eclipse//arduinoPlugin/packages/arduino/hardware/sam/1.6.11/variants/arduino_due_x/libsam_sam3x8e_gcc_rel.a(adc.o)
                0x0000000000081892                adc_configure_timing
 .text.adc_disable_channel
                0x00000000000818ac        0xa /home/xinniw/eclipse/cpp-oxygen/eclipse//arduinoPlugin/packages/arduino/hardware/sam/1.6.11/variants/arduino_due_x/libsam_sam3x8e_gcc_rel.a(adc.o)
                0x00000000000818ac                adc_disable_channel
 .text.adc_disable_all_channel
                0x00000000000818b6        0x8 /home/xinniw/eclipse/cpp-oxygen/eclipse//arduinoPlugin/packages/arduino/hardware/sam/1.6.11/variants/arduino_due_x/libsam_sam3x8e_gcc_rel.a(adc.o)
                0x00000000000818b6                adc_disable_all_channel
 .text.adc_disable_interrupt
                0x00000000000818be        0x4 /home/xinniw/eclipse/cpp-oxygen/eclipse//arduinoPlugin/packages/arduino/hardware/sam/1.6.11/variants/arduino_due_x/libsam_sam3x8e_gcc_rel.a(adc.o)
                0x00000000000818be                adc_disable_interrupt
 *fill*         0x00000000000818c2        0x2 
 .text.UDD_SetStack
                0x00000000000818c4        0xc /home/xinniw/eclipse/cpp-oxygen/eclipse//arduinoPlugin/packages/arduino/hardware/sam/1.6.11/variants/arduino_due_x/libsam_sam3x8e_gcc_rel.a(uotghs_device.o)
                0x00000000000818c4                UDD_SetStack
 .text.UDD_Init
                0x00000000000818d0       0xd0 /home/xinniw/eclipse/cpp-oxygen/eclipse//arduinoPlugin/packages/arduino/hardware/sam/1.6.11/variants/arduino_due_x/libsam_sam3x8e_gcc_rel.a(uotghs_device.o)
                0x00000000000818d0                UDD_Init
 .text.UDD_Attach
                0x00000000000819a0       0x50 /home/xinniw/eclipse/cpp-oxygen/eclipse//arduinoPlugin/packages/arduino/hardware/sam/1.6.11/variants/arduino_due_x/libsam_sam3x8e_gcc_rel.a(uotghs_device.o)
                0x00000000000819a0                UDD_Attach
 .text.UDD_InitEP
                0x00000000000819f0       0x2c /home/xinniw/eclipse/cpp-oxygen/eclipse//arduinoPlugin/packages/arduino/hardware/sam/1.6.11/variants/arduino_due_x/libsam_sam3x8e_gcc_rel.a(uotghs_device.o)
                0x00000000000819f0                UDD_InitEP
 .text.UDD_InitEndpoints
                0x0000000000081a1c       0x3c /home/xinniw/eclipse/cpp-oxygen/eclipse//arduinoPlugin/packages/arduino/hardware/sam/1.6.11/variants/arduino_due_x/libsam_sam3x8e_gcc_rel.a(uotghs_device.o)
                0x0000000000081a1c                UDD_InitEndpoints
 .text.UDD_WaitIN
                0x0000000000081a58       0x10 /home/xinniw/eclipse/cpp-oxygen/eclipse//arduinoPlugin/packages/arduino/hardware/sam/1.6.11/variants/arduino_due_x/libsam_sam3x8e_gcc_rel.a(uotghs_device.o)
                0x0000000000081a58                UDD_WaitIN
 .text.UDD_WaitOUT
                0x0000000000081a68       0x10 /home/xinniw/eclipse/cpp-oxygen/eclipse//arduinoPlugin/packages/arduino/hardware/sam/1.6.11/variants/arduino_due_x/libsam_sam3x8e_gcc_rel.a(uotghs_device.o)
                0x0000000000081a68                UDD_WaitOUT
 .text.UDD_ClearIN
                0x0000000000081a78       0x18 /home/xinniw/eclipse/cpp-oxygen/eclipse//arduinoPlugin/packages/arduino/hardware/sam/1.6.11/variants/arduino_due_x/libsam_sam3x8e_gcc_rel.a(uotghs_device.o)
                0x0000000000081a78                UDD_ClearIN
 .text.UDD_ClearOUT
                0x0000000000081a90       0x18 /home/xinniw/eclipse/cpp-oxygen/eclipse//arduinoPlugin/packages/arduino/hardware/sam/1.6.11/variants/arduino_due_x/libsam_sam3x8e_gcc_rel.a(uotghs_device.o)
                0x0000000000081a90                UDD_ClearOUT
 .text.UDD_ReceivedSetupInt
                0x0000000000081aa8       0x10 /home/xinniw/eclipse/cpp-oxygen/eclipse//arduinoPlugin/packages/arduino/hardware/sam/1.6.11/variants/arduino_due_x/libsam_sam3x8e_gcc_rel.a(uotghs_device.o)
                0x0000000000081aa8                UDD_ReceivedSetupInt
 .text.UDD_ClearSetupInt
                0x0000000000081ab8       0x10 /home/xinniw/eclipse/cpp-oxygen/eclipse//arduinoPlugin/packages/arduino/hardware/sam/1.6.11/variants/arduino_due_x/libsam_sam3x8e_gcc_rel.a(uotghs_device.o)
                0x0000000000081ab8                UDD_ClearSetupInt
 .text.UDD_Send
                0x0000000000081ac8       0x88 /home/xinniw/eclipse/cpp-oxygen/eclipse//arduinoPlugin/packages/arduino/hardware/sam/1.6.11/variants/arduino_due_x/libsam_sam3x8e_gcc_rel.a(uotghs_device.o)
                0x0000000000081ac8                UDD_Send
 .text.UDD_Send8
                0x0000000000081b50       0x24 /home/xinniw/eclipse/cpp-oxygen/eclipse//arduinoPlugin/packages/arduino/hardware/sam/1.6.11/variants/arduino_due_x/libsam_sam3x8e_gcc_rel.a(uotghs_device.o)
                0x0000000000081b50                UDD_Send8
 .text.UDD_Recv8
                0x0000000000081b74       0x28 /home/xinniw/eclipse/cpp-oxygen/eclipse//arduinoPlugin/packages/arduino/hardware/sam/1.6.11/variants/arduino_due_x/libsam_sam3x8e_gcc_rel.a(uotghs_device.o)
                0x0000000000081b74                UDD_Recv8
 .text.UDD_Recv
                0x0000000000081b9c       0x34 /home/xinniw/eclipse/cpp-oxygen/eclipse//arduinoPlugin/packages/arduino/hardware/sam/1.6.11/variants/arduino_due_x/libsam_sam3x8e_gcc_rel.a(uotghs_device.o)
                0x0000000000081b9c                UDD_Recv
 .text.UDD_Stall
                0x0000000000081bd0       0x14 /home/xinniw/eclipse/cpp-oxygen/eclipse//arduinoPlugin/packages/arduino/hardware/sam/1.6.11/variants/arduino_due_x/libsam_sam3x8e_gcc_rel.a(uotghs_device.o)
                0x0000000000081bd0                UDD_Stall
 .text.UDD_FifoByteCount
                0x0000000000081be4       0x14 /home/xinniw/eclipse/cpp-oxygen/eclipse//arduinoPlugin/packages/arduino/hardware/sam/1.6.11/variants/arduino_due_x/libsam_sam3x8e_gcc_rel.a(uotghs_device.o)
                0x0000000000081be4                UDD_FifoByteCount
 .text.UDD_ReleaseRX
                0x0000000000081bf8       0x28 /home/xinniw/eclipse/cpp-oxygen/eclipse//arduinoPlugin/packages/arduino/hardware/sam/1.6.11/variants/arduino_due_x/libsam_sam3x8e_gcc_rel.a(uotghs_device.o)
                0x0000000000081bf8                UDD_ReleaseRX
 .text.UDD_ReleaseTX
                0x0000000000081c20       0x28 /home/xinniw/eclipse/cpp-oxygen/eclipse//arduinoPlugin/packages/arduino/hardware/sam/1.6.11/variants/arduino_due_x/libsam_sam3x8e_gcc_rel.a(uotghs_device.o)
                0x0000000000081c20                UDD_ReleaseTX
 .text.UDD_SetAddress
                0x0000000000081c48       0x20 /home/xinniw/eclipse/cpp-oxygen/eclipse//arduinoPlugin/packages/arduino/hardware/sam/1.6.11/variants/arduino_due_x/libsam_sam3x8e_gcc_rel.a(uotghs_device.o)
                0x0000000000081c48                UDD_SetAddress
 .text.__libc_init_array
                0x0000000000081c68       0x50 /home/xinniw/eclipse/cpp-oxygen/eclipse/arduinoPlugin/packages/arduino/tools/arm-none-eabi-gcc/4.8.3-2014q1/bin/../lib/gcc/arm-none-eabi/4.8.3/../../../../arm-none-eabi/lib/armv7-m/libg.a(lib_a-init.o)
                0x0000000000081c68                __libc_init_array
 .text.iprintf  0x0000000000081cb8       0x28 /home/xinniw/eclipse/cpp-oxygen/eclipse/arduinoPlugin/packages/arduino/tools/arm-none-eabi-gcc/4.8.3-2014q1/bin/../lib/gcc/arm-none-eabi/4.8.3/../../../../arm-none-eabi/lib/armv7-m/libg.a(lib_a-iprintf.o)
                0x0000000000081cb8                iprintf
 .text.memset   0x0000000000081ce0       0x94 /home/xinniw/eclipse/cpp-oxygen/eclipse/arduinoPlugin/packages/arduino/tools/arm-none-eabi-gcc/4.8.3-2014q1/bin/../lib/gcc/arm-none-eabi/4.8.3/../../../../arm-none-eabi/lib/armv7-m/libg.a(lib_a-memset.o)
                0x0000000000081ce0                memset
 .text.strlen   0x0000000000081d74       0x60 /home/xinniw/eclipse/cpp-oxygen/eclipse/arduinoPlugin/packages/arduino/tools/arm-none-eabi-gcc/4.8.3-2014q1/bin/../lib/gcc/arm-none-eabi/4.8.3/../../../../arm-none-eabi/lib/armv7-m/libg.a(lib_a-strlen.o)
                0x0000000000081d74                strlen
 .text.kill     0x0000000000081dd4       0x10 /home/xinniw/eclipse/cpp-oxygen/eclipse/arduinoPlugin/packages/arduino/tools/arm-none-eabi-gcc/4.8.3-2014q1/bin/../lib/gcc/arm-none-eabi/4.8.3/../../../../arm-none-eabi/lib/armv7-m/libg.a(lib_a-syskill.o)
                0x0000000000081dd4                kill
 .text.__sprint_r.part.0
                0x0000000000081de4       0x78 /home/xinniw/eclipse/cpp-oxygen/eclipse/arduinoPlugin/packages/arduino/tools/arm-none-eabi-gcc/4.8.3-2014q1/bin/../lib/gcc/arm-none-eabi/4.8.3/../../../../arm-none-eabi/lib/armv7-m/libg.a(lib_a-vfiprintf.o)
 .text._vfiprintf_r
                0x0000000000081e5c      0xc54 /home/xinniw/eclipse/cpp-oxygen/eclipse/arduinoPlugin/packages/arduino/tools/arm-none-eabi-gcc/4.8.3-2014q1/bin/../lib/gcc/arm-none-eabi/4.8.3/../../../../arm-none-eabi/lib/armv7-m/libg.a(lib_a-vfiprintf.o)
                0x0000000000081e5c                _vfiprintf_r
 .text.__sbprintf
                0x0000000000082ab0       0x7c /home/xinniw/eclipse/cpp-oxygen/eclipse/arduinoPlugin/packages/arduino/tools/arm-none-eabi-gcc/4.8.3-2014q1/bin/../lib/gcc/arm-none-eabi/4.8.3/../../../../arm-none-eabi/lib/armv7-m/libg.a(lib_a-vfiprintf.o)
 .text.__swsetup_r
                0x0000000000082b2c       0xc4 /home/xinniw/eclipse/cpp-oxygen/eclipse/arduinoPlugin/packages/arduino/tools/arm-none-eabi-gcc/4.8.3-2014q1/bin/../lib/gcc/arm-none-eabi/4.8.3/../../../../arm-none-eabi/lib/armv7-m/libg.a(lib_a-wsetup.o)
                0x0000000000082b2c                __swsetup_r
 .text.startup.register_fini
                0x0000000000082bf0       0x14 /home/xinniw/eclipse/cpp-oxygen/eclipse/arduinoPlugin/packages/arduino/tools/arm-none-eabi-gcc/4.8.3-2014q1/bin/../lib/gcc/arm-none-eabi/4.8.3/../../../../arm-none-eabi/lib/armv7-m/libg.a(lib_a-__call_atexit.o)
 .text.atexit   0x0000000000082c04        0xc /home/xinniw/eclipse/cpp-oxygen/eclipse/arduinoPlugin/packages/arduino/tools/arm-none-eabi-gcc/4.8.3-2014q1/bin/../lib/gcc/arm-none-eabi/4.8.3/../../../../arm-none-eabi/lib/armv7-m/libg.a(lib_a-atexit.o)
                0x0000000000082c04                atexit
 .text.__sflush_r
                0x0000000000082c10      0x148 /home/xinniw/eclipse/cpp-oxygen/eclipse/arduinoPlugin/packages/arduino/tools/arm-none-eabi-gcc/4.8.3-2014q1/bin/../lib/gcc/arm-none-eabi/4.8.3/../../../../arm-none-eabi/lib/armv7-m/libg.a(lib_a-fflush.o)
                0x0000000000082c10                __sflush_r
 .text._fflush_r
                0x0000000000082d58       0x2c /home/xinniw/eclipse/cpp-oxygen/eclipse/arduinoPlugin/packages/arduino/tools/arm-none-eabi-gcc/4.8.3-2014q1/bin/../lib/gcc/arm-none-eabi/4.8.3/../../../../arm-none-eabi/lib/armv7-m/libg.a(lib_a-fflush.o)
                0x0000000000082d58                _fflush_r
 .text._cleanup_r
                0x0000000000082d84        0xc /home/xinniw/eclipse/cpp-oxygen/eclipse/arduinoPlugin/packages/arduino/tools/arm-none-eabi-gcc/4.8.3-2014q1/bin/../lib/gcc/arm-none-eabi/4.8.3/../../../../arm-none-eabi/lib/armv7-m/libg.a(lib_a-findfp.o)
                0x0000000000082d84                _cleanup_r
 .text.__sinit  0x0000000000082d90       0xf4 /home/xinniw/eclipse/cpp-oxygen/eclipse/arduinoPlugin/packages/arduino/tools/arm-none-eabi-gcc/4.8.3-2014q1/bin/../lib/gcc/arm-none-eabi/4.8.3/../../../../arm-none-eabi/lib/armv7-m/libg.a(lib_a-findfp.o)
                0x0000000000082d90                __sinit
 .text.__sfp_lock_acquire
                0x0000000000082e84        0x4 /home/xinniw/eclipse/cpp-oxygen/eclipse/arduinoPlugin/packages/arduino/tools/arm-none-eabi-gcc/4.8.3-2014q1/bin/../lib/gcc/arm-none-eabi/4.8.3/../../../../arm-none-eabi/lib/armv7-m/libg.a(lib_a-findfp.o)
                0x0000000000082e84                __sfp_lock_acquire
 .text.__sfp_lock_release
                0x0000000000082e88        0x4 /home/xinniw/eclipse/cpp-oxygen/eclipse/arduinoPlugin/packages/arduino/tools/arm-none-eabi-gcc/4.8.3-2014q1/bin/../lib/gcc/arm-none-eabi/4.8.3/../../../../arm-none-eabi/lib/armv7-m/libg.a(lib_a-findfp.o)
                0x0000000000082e88                __sfp_lock_release
 .text.__libc_fini_array
                0x0000000000082e8c       0x30 /home/xinniw/eclipse/cpp-oxygen/eclipse/arduinoPlugin/packages/arduino/tools/arm-none-eabi-gcc/4.8.3-2014q1/bin/../lib/gcc/arm-none-eabi/4.8.3/../../../../arm-none-eabi/lib/armv7-m/libg.a(lib_a-fini.o)
                0x0000000000082e8c                __libc_fini_array
 .text._fputwc_r
                0x0000000000082ebc       0xc0 /home/xinniw/eclipse/cpp-oxygen/eclipse/arduinoPlugin/packages/arduino/tools/arm-none-eabi-gcc/4.8.3-2014q1/bin/../lib/gcc/arm-none-eabi/4.8.3/../../../../arm-none-eabi/lib/armv7-m/libg.a(lib_a-fputwc.o)
                0x0000000000082ebc                _fputwc_r
 .text._malloc_trim_r
                0x0000000000082f7c       0x9c /home/xinniw/eclipse/cpp-oxygen/eclipse/arduinoPlugin/packages/arduino/tools/arm-none-eabi-gcc/4.8.3-2014q1/bin/../lib/gcc/arm-none-eabi/4.8.3/../../../../arm-none-eabi/lib/armv7-m/libg.a(lib_a-freer.o)
                0x0000000000082f7c                _malloc_trim_r
 .text._free_r  0x0000000000083018      0x198 /home/xinniw/eclipse/cpp-oxygen/eclipse/arduinoPlugin/packages/arduino/tools/arm-none-eabi-gcc/4.8.3-2014q1/bin/../lib/gcc/arm-none-eabi/4.8.3/../../../../arm-none-eabi/lib/armv7-m/libg.a(lib_a-freer.o)
                0x0000000000083018                _free_r
 .text.__sfvwrite_r
                0x00000000000831b0      0x314 /home/xinniw/eclipse/cpp-oxygen/eclipse/arduinoPlugin/packages/arduino/tools/arm-none-eabi-gcc/4.8.3-2014q1/bin/../lib/gcc/arm-none-eabi/4.8.3/../../../../arm-none-eabi/lib/armv7-m/libg.a(lib_a-fvwrite.o)
                0x00000000000831b0                __sfvwrite_r
 .text._fwalk   0x00000000000834c4       0x48 /home/xinniw/eclipse/cpp-oxygen/eclipse/arduinoPlugin/packages/arduino/tools/arm-none-eabi-gcc/4.8.3-2014q1/bin/../lib/gcc/arm-none-eabi/4.8.3/../../../../arm-none-eabi/lib/armv7-m/libg.a(lib_a-fwalk.o)
                0x00000000000834c4                _fwalk
 .text.__locale_charset
                0x000000000008350c        0x8 /home/xinniw/eclipse/cpp-oxygen/eclipse/arduinoPlugin/packages/arduino/tools/arm-none-eabi-gcc/4.8.3-2014q1/bin/../lib/gcc/arm-none-eabi/4.8.3/../../../../arm-none-eabi/lib/armv7-m/libg.a(lib_a-locale.o)
                0x000000000008350c                __locale_charset
 .text.__locale_mb_cur_max
                0x0000000000083514        0xc /home/xinniw/eclipse/cpp-oxygen/eclipse/arduinoPlugin/packages/arduino/tools/arm-none-eabi-gcc/4.8.3-2014q1/bin/../lib/gcc/arm-none-eabi/4.8.3/../../../../arm-none-eabi/lib/armv7-m/libg.a(lib_a-locale.o)
                0x0000000000083514                __locale_mb_cur_max
 .text.__smakebuf_r
                0x0000000000083520       0xe0 /home/xinniw/eclipse/cpp-oxygen/eclipse/arduinoPlugin/packages/arduino/tools/arm-none-eabi-gcc/4.8.3-2014q1/bin/../lib/gcc/arm-none-eabi/4.8.3/../../../../arm-none-eabi/lib/armv7-m/libg.a(lib_a-makebuf.o)
                0x0000000000083520                __smakebuf_r
 .text._malloc_r
                0x0000000000083600      0x538 /home/xinniw/eclipse/cpp-oxygen/eclipse/arduinoPlugin/packages/arduino/tools/arm-none-eabi-gcc/4.8.3-2014q1/bin/../lib/gcc/arm-none-eabi/4.8.3/../../../../arm-none-eabi/lib/armv7-m/libg.a(lib_a-mallocr.o)
                0x0000000000083600                _malloc_r
 .text.memchr   0x0000000000083b38       0x94 /home/xinniw/eclipse/cpp-oxygen/eclipse/arduinoPlugin/packages/arduino/tools/arm-none-eabi-gcc/4.8.3-2014q1/bin/../lib/gcc/arm-none-eabi/4.8.3/../../../../arm-none-eabi/lib/armv7-m/libg.a(lib_a-memchr-stub.o)
                0x0000000000083b38                memchr
 .text          0x0000000000083bcc       0xec /home/xinniw/eclipse/cpp-oxygen/eclipse/arduinoPlugin/packages/arduino/tools/arm-none-eabi-gcc/4.8.3-2014q1/bin/../lib/gcc/arm-none-eabi/4.8.3/../../../../arm-none-eabi/lib/armv7-m/libg.a(lib_a-memcpy.o)
                0x0000000000083bcc                memcpy
 .text.memmove  0x0000000000083cb8       0xcc /home/xinniw/eclipse/cpp-oxygen/eclipse/arduinoPlugin/packages/arduino/tools/arm-none-eabi-gcc/4.8.3-2014q1/bin/../lib/gcc/arm-none-eabi/4.8.3/../../../../arm-none-eabi/lib/armv7-m/libg.a(lib_a-memmove.o)
                0x0000000000083cb8                memmove
 .text.__malloc_lock
                0x0000000000083d84        0x4 /home/xinniw/eclipse/cpp-oxygen/eclipse/arduinoPlugin/packages/arduino/tools/arm-none-eabi-gcc/4.8.3-2014q1/bin/../lib/gcc/arm-none-eabi/4.8.3/../../../../arm-none-eabi/lib/armv7-m/libg.a(lib_a-mlock.o)
                0x0000000000083d84                __malloc_lock
 .text.__malloc_unlock
                0x0000000000083d88        0x4 /home/xinniw/eclipse/cpp-oxygen/eclipse/arduinoPlugin/packages/arduino/tools/arm-none-eabi-gcc/4.8.3-2014q1/bin/../lib/gcc/arm-none-eabi/4.8.3/../../../../arm-none-eabi/lib/armv7-m/libg.a(lib_a-mlock.o)
                0x0000000000083d88                __malloc_unlock
 .text._realloc_r
                0x0000000000083d8c      0x3c0 /home/xinniw/eclipse/cpp-oxygen/eclipse/arduinoPlugin/packages/arduino/tools/arm-none-eabi-gcc/4.8.3-2014q1/bin/../lib/gcc/arm-none-eabi/4.8.3/../../../../arm-none-eabi/lib/armv7-m/libg.a(lib_a-reallocr.o)
                0x0000000000083d8c                _realloc_r
 .text._sbrk_r  0x000000000008414c       0x24 /home/xinniw/eclipse/cpp-oxygen/eclipse/arduinoPlugin/packages/arduino/tools/arm-none-eabi-gcc/4.8.3-2014q1/bin/../lib/gcc/arm-none-eabi/4.8.3/../../../../arm-none-eabi/lib/armv7-m/libg.a(lib_a-sbrkr.o)
                0x000000000008414c                _sbrk_r
 .text._kill_r  0x0000000000084170       0x28 /home/xinniw/eclipse/cpp-oxygen/eclipse/arduinoPlugin/packages/arduino/tools/arm-none-eabi-gcc/4.8.3-2014q1/bin/../lib/gcc/arm-none-eabi/4.8.3/../../../../arm-none-eabi/lib/armv7-m/libg.a(lib_a-signalr.o)
                0x0000000000084170                _kill_r
 .text.__sread  0x0000000000084198       0x24 /home/xinniw/eclipse/cpp-oxygen/eclipse/arduinoPlugin/packages/arduino/tools/arm-none-eabi-gcc/4.8.3-2014q1/bin/../lib/gcc/arm-none-eabi/4.8.3/../../../../arm-none-eabi/lib/armv7-m/libg.a(lib_a-stdio.o)
                0x0000000000084198                __sread
 .text.__swrite
                0x00000000000841bc       0x38 /home/xinniw/eclipse/cpp-oxygen/eclipse/arduinoPlugin/packages/arduino/tools/arm-none-eabi-gcc/4.8.3-2014q1/bin/../lib/gcc/arm-none-eabi/4.8.3/../../../../arm-none-eabi/lib/armv7-m/libg.a(lib_a-stdio.o)
                0x00000000000841bc                __swrite
 .text.__sseek  0x00000000000841f4       0x20 /home/xinniw/eclipse/cpp-oxygen/eclipse/arduinoPlugin/packages/arduino/tools/arm-none-eabi-gcc/4.8.3-2014q1/bin/../lib/gcc/arm-none-eabi/4.8.3/../../../../arm-none-eabi/lib/armv7-m/libg.a(lib_a-stdio.o)
                0x00000000000841f4                __sseek
 .text.__sclose
                0x0000000000084214        0x8 /home/xinniw/eclipse/cpp-oxygen/eclipse/arduinoPlugin/packages/arduino/tools/arm-none-eabi-gcc/4.8.3-2014q1/bin/../lib/gcc/arm-none-eabi/4.8.3/../../../../arm-none-eabi/lib/armv7-m/libg.a(lib_a-stdio.o)
                0x0000000000084214                __sclose
 .text.__swbuf_r
                0x000000000008421c       0xa8 /home/xinniw/eclipse/cpp-oxygen/eclipse/arduinoPlugin/packages/arduino/tools/arm-none-eabi-gcc/4.8.3-2014q1/bin/../lib/gcc/arm-none-eabi/4.8.3/../../../../arm-none-eabi/lib/armv7-m/libg.a(lib_a-wbuf.o)
                0x000000000008421c                __swbuf_r
 .text._wcrtomb_r
                0x00000000000842c4       0x50 /home/xinniw/eclipse/cpp-oxygen/eclipse/arduinoPlugin/packages/arduino/tools/arm-none-eabi-gcc/4.8.3-2014q1/bin/../lib/gcc/arm-none-eabi/4.8.3/../../../../arm-none-eabi/lib/armv7-m/libg.a(lib_a-wcrtomb.o)
                0x00000000000842c4                _wcrtomb_r
 .text.__ascii_wctomb
                0x0000000000084314       0x1c /home/xinniw/eclipse/cpp-oxygen/eclipse/arduinoPlugin/packages/arduino/tools/arm-none-eabi-gcc/4.8.3-2014q1/bin/../lib/gcc/arm-none-eabi/4.8.3/../../../../arm-none-eabi/lib/armv7-m/libg.a(lib_a-wctomb_r.o)
                0x0000000000084314                __ascii_wctomb
 .text._write_r
                0x0000000000084330       0x28 /home/xinniw/eclipse/cpp-oxygen/eclipse/arduinoPlugin/packages/arduino/tools/arm-none-eabi-gcc/4.8.3-2014q1/bin/../lib/gcc/arm-none-eabi/4.8.3/../../../../arm-none-eabi/lib/armv7-m/libg.a(lib_a-writer.o)
                0x0000000000084330                _write_r
 .text.__register_exitproc
                0x0000000000084358       0xa8 /home/xinniw/eclipse/cpp-oxygen/eclipse/arduinoPlugin/packages/arduino/tools/arm-none-eabi-gcc/4.8.3-2014q1/bin/../lib/gcc/arm-none-eabi/4.8.3/../../../../arm-none-eabi/lib/armv7-m/libg.a(lib_a-__atexit.o)
                0x0000000000084358                __register_exitproc
 .text._close_r
                0x0000000000084400       0x24 /home/xinniw/eclipse/cpp-oxygen/eclipse/arduinoPlugin/packages/arduino/tools/arm-none-eabi-gcc/4.8.3-2014q1/bin/../lib/gcc/arm-none-eabi/4.8.3/../../../../arm-none-eabi/lib/armv7-m/libg.a(lib_a-closer.o)
                0x0000000000084400                _close_r
 .text._fclose_r
                0x0000000000084424       0x80 /home/xinniw/eclipse/cpp-oxygen/eclipse/arduinoPlugin/packages/arduino/tools/arm-none-eabi-gcc/4.8.3-2014q1/bin/../lib/gcc/arm-none-eabi/4.8.3/../../../../arm-none-eabi/lib/armv7-m/libg.a(lib_a-fclose.o)
                0x0000000000084424                _fclose_r
 .text.fclose   0x00000000000844a4       0x10 /home/xinniw/eclipse/cpp-oxygen/eclipse/arduinoPlugin/packages/arduino/tools/arm-none-eabi-gcc/4.8.3-2014q1/bin/../lib/gcc/arm-none-eabi/4.8.3/../../../../arm-none-eabi/lib/armv7-m/libg.a(lib_a-fclose.o)
                0x00000000000844a4                fclose
 .text._fstat_r
                0x00000000000844b4       0x28 /home/xinniw/eclipse/cpp-oxygen/eclipse/arduinoPlugin/packages/arduino/tools/arm-none-eabi-gcc/4.8.3-2014q1/bin/../lib/gcc/arm-none-eabi/4.8.3/../../../../arm-none-eabi/lib/armv7-m/libg.a(lib_a-fstatr.o)
                0x00000000000844b4                _fstat_r
 .text._isatty_r
                0x00000000000844dc       0x24 /home/xinniw/eclipse/cpp-oxygen/eclipse/arduinoPlugin/packages/arduino/tools/arm-none-eabi-gcc/4.8.3-2014q1/bin/../lib/gcc/arm-none-eabi/4.8.3/../../../../arm-none-eabi/lib/armv7-m/libg.a(lib_a-isattyr.o)
                0x00000000000844dc                _isatty_r
 .text._lseek_r
                0x0000000000084500       0x28 /home/xinniw/eclipse/cpp-oxygen/eclipse/arduinoPlugin/packages/arduino/tools/arm-none-eabi-gcc/4.8.3-2014q1/bin/../lib/gcc/arm-none-eabi/4.8.3/../../../../arm-none-eabi/lib/armv7-m/libg.a(lib_a-lseekr.o)
                0x0000000000084500                _lseek_r
 .text._read_r  0x0000000000084528       0x28 /home/xinniw/eclipse/cpp-oxygen/eclipse/arduinoPlugin/packages/arduino/tools/arm-none-eabi-gcc/4.8.3-2014q1/bin/../lib/gcc/arm-none-eabi/4.8.3/../../../../arm-none-eabi/lib/armv7-m/libg.a(lib_a-readr.o)
                0x0000000000084528                _read_r
 .text          0x0000000000084550       0x2c /home/xinniw/eclipse/cpp-oxygen/eclipse/arduinoPlugin/packages/arduino/tools/arm-none-eabi-gcc/4.8.3-2014q1/bin/../lib/gcc/arm-none-eabi/4.8.3/armv7-m/libgcc.a(_aeabi_uldivmod.o)
                0x0000000000084550                __aeabi_uldivmod
 .text          0x000000000008457c       0x60 /home/xinniw/eclipse/cpp-oxygen/eclipse/arduinoPlugin/packages/arduino/tools/arm-none-eabi-gcc/4.8.3-2014q1/bin/../lib/gcc/arm-none-eabi/4.8.3/armv7-m/libgcc.a(bpabi.o)
                0x000000000008457c                __gnu_ldivmod_helper
                0x00000000000845ac                __gnu_uldivmod_helper
 .text          0x00000000000845dc        0x4 /home/xinniw/eclipse/cpp-oxygen/eclipse/arduinoPlugin/packages/arduino/tools/arm-none-eabi-gcc/4.8.3-2014q1/bin/../lib/gcc/arm-none-eabi/4.8.3/armv7-m/libgcc.a(_dvmd_tls.o)
                0x00000000000845dc                __aeabi_ldiv0
                0x00000000000845dc                __aeabi_idiv0
 .text          0x00000000000845e0      0x2a0 /home/xinniw/eclipse/cpp-oxygen/eclipse/arduinoPlugin/packages/arduino/tools/arm-none-eabi-gcc/4.8.3-2014q1/bin/../lib/gcc/arm-none-eabi/4.8.3/armv7-m/libgcc.a(_divdi3.o)
                0x00000000000845e0                __divdi3
 .text          0x0000000000084880      0x290 /home/xinniw/eclipse/cpp-oxygen/eclipse/arduinoPlugin/packages/arduino/tools/arm-none-eabi-gcc/4.8.3-2014q1/bin/../lib/gcc/arm-none-eabi/4.8.3/armv7-m/libgcc.a(_udivdi3.o)
                0x0000000000084880                __udivdi3
 *(.glue_7t)
 .glue_7t       0x0000000000000000        0x0 linker stubs
 *(.glue_7)
 .glue_7        0x0000000000000000        0x0 linker stubs
 *(.rodata .rodata* .gnu.linkonce.r.*)
 .rodata.str1.1
                0x0000000000084b10       0x1c ./sloeber.ino.cpp.o
 .rodata.g_APinDescription
                0x0000000000084b2c      0xa2c /home/xinniw/Development/arduino/arduino-due-example-project/due_project_runner/Release/arduino.ar(variant.cpp.o)
                0x0000000000084b2c                g_APinDescription
 .rodata.str1.1
                0x0000000000085558        0xf /home/xinniw/Development/arduino/arduino-due-example-project/due_project_runner/Release/arduino.ar(Print.cpp.o)
 *fill*         0x0000000000085567        0x1 
 .rodata._ZTV9UARTClass
                0x0000000000085568       0x30 /home/xinniw/Development/arduino/arduino-due-example-project/due_project_runner/Release/arduino.ar(UARTClass.cpp.o)
                0x0000000000085568                vtable for UARTClass
 .rodata._ZTV10USARTClass
                0x0000000000085598       0x30 /home/xinniw/Development/arduino/arduino-due-example-project/due_project_runner/Release/arduino.ar(USARTClass.cpp.o)
                0x0000000000085598                vtable for USARTClass
 .rodata.str1.1
                0x00000000000855c8       0x19 /home/xinniw/Development/arduino/arduino-due-example-project/due_project_runner/Release/arduino.ar(syscalls_sam3.c.o)
 .rodata.STRING_PRODUCT
                0x00000000000855e1        0xc /home/xinniw/Development/arduino/arduino-due-example-project/due_project_runner/Release/arduino.ar(USBCore.cpp.o)
                0x00000000000855e1                STRING_PRODUCT
 .rodata.USB_DeviceDescriptor
                0x00000000000855ed       0x12 /home/xinniw/Development/arduino/arduino-due-example-project/due_project_runner/Release/arduino.ar(USBCore.cpp.o)
                0x00000000000855ed                USB_DeviceDescriptor
 *fill*         0x00000000000855ff        0x1 
 .rodata.STRING_LANGUAGE
                0x0000000000085600        0x4 /home/xinniw/Development/arduino/arduino-due-example-project/due_project_runner/Release/arduino.ar(USBCore.cpp.o)
                0x0000000000085600                STRING_LANGUAGE
 .rodata._ZL18test_packet_buffer
                0x0000000000085604       0x35 /home/xinniw/Development/arduino/arduino-due-example-project/due_project_runner/Release/arduino.ar(USBCore.cpp.o)
 .rodata.STRING_MANUFACTURER
                0x0000000000085639        0xc /home/xinniw/Development/arduino/arduino-due-example-project/due_project_runner/Release/arduino.ar(USBCore.cpp.o)
                0x0000000000085639                STRING_MANUFACTURER
 .rodata.USB_DeviceDescriptorA
                0x0000000000085645       0x12 /home/xinniw/Development/arduino/arduino-due-example-project/due_project_runner/Release/arduino.ar(USBCore.cpp.o)
                0x0000000000085645                USB_DeviceDescriptorA
 .rodata._ZL19USB_DeviceQualifier
                0x0000000000085657        0x9 /home/xinniw/Development/arduino/arduino-due-example-project/due_project_runner/Release/arduino.ar(USBCore.cpp.o)
 .rodata._ZTV7Serial_
                0x0000000000085660       0x28 /home/xinniw/Development/arduino/arduino-due-example-project/due_project_runner/Release/arduino.ar(CDC.cpp.o)
                0x0000000000085660                vtable for Serial_
 .rodata._ZL18_cdcOtherInterface
                0x0000000000085688       0x42 /home/xinniw/Development/arduino/arduino-due-example-project/due_project_runner/Release/arduino.ar(CDC.cpp.o)
 .rodata._ZL13_cdcInterface
                0x00000000000856ca       0x42 /home/xinniw/Development/arduino/arduino-due-example-project/due_project_runner/Release/arduino.ar(CDC.cpp.o)
 .rodata        0x000000000008570c       0x40 /home/xinniw/eclipse/cpp-oxygen/eclipse//arduinoPlugin/packages/arduino/hardware/sam/1.6.11/variants/arduino_due_x/libsam_sam3x8e_gcc_rel.a(adc.o)
 .rodata.str1.4
                0x000000000008574c        0x2 /home/xinniw/eclipse/cpp-oxygen/eclipse/arduinoPlugin/packages/arduino/tools/arm-none-eabi-gcc/4.8.3-2014q1/bin/../lib/gcc/arm-none-eabi/4.8.3/../../../../arm-none-eabi/lib/armv7-m/libg.a(lib_a-impure.o)
                                          0x4 (size before relaxing)
 *fill*         0x000000000008574e        0x2 
 .rodata._global_impure_ptr
                0x0000000000085750        0x4 /home/xinniw/eclipse/cpp-oxygen/eclipse/arduinoPlugin/packages/arduino/tools/arm-none-eabi-gcc/4.8.3-2014q1/bin/../lib/gcc/arm-none-eabi/4.8.3/../../../../arm-none-eabi/lib/armv7-m/libg.a(lib_a-impure.o)
                0x0000000000085750                _global_impure_ptr
 .rodata.blanks.6717
                0x0000000000085754       0x10 /home/xinniw/eclipse/cpp-oxygen/eclipse/arduinoPlugin/packages/arduino/tools/arm-none-eabi-gcc/4.8.3-2014q1/bin/../lib/gcc/arm-none-eabi/4.8.3/../../../../arm-none-eabi/lib/armv7-m/libg.a(lib_a-vfiprintf.o)
 .rodata.str1.4
                0x0000000000085764       0x30 /home/xinniw/eclipse/cpp-oxygen/eclipse/arduinoPlugin/packages/arduino/tools/arm-none-eabi-gcc/4.8.3-2014q1/bin/../lib/gcc/arm-none-eabi/4.8.3/../../../../arm-none-eabi/lib/armv7-m/libg.a(lib_a-vfiprintf.o)
 .rodata.zeroes.6718
                0x0000000000085794       0x10 /home/xinniw/eclipse/cpp-oxygen/eclipse/arduinoPlugin/packages/arduino/tools/arm-none-eabi-gcc/4.8.3-2014q1/bin/../lib/gcc/arm-none-eabi/4.8.3/../../../../arm-none-eabi/lib/armv7-m/libg.a(lib_a-vfiprintf.o)
 *(.ARM.extab* .gnu.linkonce.armextab.*)
                0x00000000000857a4                . = ALIGN (0x4)
 *(.init)
 .init          0x00000000000857a4        0x4 /home/xinniw/eclipse/cpp-oxygen/eclipse/arduinoPlugin/packages/arduino/tools/arm-none-eabi-gcc/4.8.3-2014q1/bin/../lib/gcc/arm-none-eabi/4.8.3/armv7-m/crti.o
                0x00000000000857a4                _init
 .init          0x00000000000857a8        0x8 /home/xinniw/eclipse/cpp-oxygen/eclipse/arduinoPlugin/packages/arduino/tools/arm-none-eabi-gcc/4.8.3-2014q1/bin/../lib/gcc/arm-none-eabi/4.8.3/armv7-m/crtn.o
                0x00000000000857b0                . = ALIGN (0x4)
                0x00000000000857b0                __preinit_array_start = .
 *(.preinit_array)
                0x00000000000857b0                __preinit_array_end = .
                0x00000000000857b0                . = ALIGN (0x4)
                0x00000000000857b0                __init_array_start = .
 *(SORT(.init_array.*))
 .init_array.00000
                0x00000000000857b0        0x4 /home/xinniw/eclipse/cpp-oxygen/eclipse/arduinoPlugin/packages/arduino/tools/arm-none-eabi-gcc/4.8.3-2014q1/bin/../lib/gcc/arm-none-eabi/4.8.3/../../../../arm-none-eabi/lib/armv7-m/libg.a(lib_a-__call_atexit.o)
 *(.init_array)
 .init_array    0x00000000000857b4        0x4 /home/xinniw/eclipse/cpp-oxygen/eclipse/arduinoPlugin/packages/arduino/tools/arm-none-eabi-gcc/4.8.3-2014q1/bin/../lib/gcc/arm-none-eabi/4.8.3/armv7-m/crtbegin.o
 .init_array    0x00000000000857b8        0x4 /home/xinniw/Development/arduino/arduino-due-example-project/due_project_runner/Release/arduino.ar(variant.cpp.o)
 .init_array    0x00000000000857bc        0x4 /home/xinniw/Development/arduino/arduino-due-example-project/due_project_runner/Release/arduino.ar(USBCore.cpp.o)
 .init_array    0x00000000000857c0        0x4 /home/xinniw/Development/arduino/arduino-due-example-project/due_project_runner/Release/arduino.ar(CDC.cpp.o)
                0x00000000000857c4                __init_array_end = .
                0x00000000000857c4                . = ALIGN (0x4)
 *crtbegin.o(.ctors)
 *(EXCLUDE_FILE(*crtend.o) .ctors)
 *(SORT(.ctors.*))
 *crtend.o(.ctors)
                0x00000000000857c4                . = ALIGN (0x4)
 *(.fini)
 .fini          0x00000000000857c4        0x4 /home/xinniw/eclipse/cpp-oxygen/eclipse/arduinoPlugin/packages/arduino/tools/arm-none-eabi-gcc/4.8.3-2014q1/bin/../lib/gcc/arm-none-eabi/4.8.3/armv7-m/crti.o
                0x00000000000857c4                _fini
 .fini          0x00000000000857c8        0x8 /home/xinniw/eclipse/cpp-oxygen/eclipse/arduinoPlugin/packages/arduino/tools/arm-none-eabi-gcc/4.8.3-2014q1/bin/../lib/gcc/arm-none-eabi/4.8.3/armv7-m/crtn.o
                0x00000000000857d0                . = ALIGN (0x4)
                0x00000000000857d0                __fini_array_start = .
 *(.fini_array)
 .fini_array    0x00000000000857d0        0x4 /home/xinniw/eclipse/cpp-oxygen/eclipse/arduinoPlugin/packages/arduino/tools/arm-none-eabi-gcc/4.8.3-2014q1/bin/../lib/gcc/arm-none-eabi/4.8.3/armv7-m/crtbegin.o
 *(SORT(.fini_array.*))
                0x00000000000857d4                __fini_array_end = .
 *crtbegin.o(.dtors)
 *(EXCLUDE_FILE(*crtend.o) .dtors)
 *(SORT(.dtors.*))
 *crtend.o(.dtors)
                0x00000000000857d4                . = ALIGN (0x4)
                0x00000000000857d4                _efixed = .
                0x00000000000857d4                PROVIDE (__exidx_start, .)

.vfp11_veneer   0x00000000000857d4        0x0
 .vfp11_veneer  0x0000000000000000        0x0 linker stubs

.v4_bx          0x00000000000857d4        0x0
 .v4_bx         0x0000000000000000        0x0 linker stubs

.iplt           0x00000000000857d4        0x0
 .iplt          0x0000000000000000        0x0 /home/xinniw/eclipse/cpp-oxygen/eclipse/arduinoPlugin/packages/arduino/tools/arm-none-eabi-gcc/4.8.3-2014q1/bin/../lib/gcc/arm-none-eabi/4.8.3/armv7-m/crtbegin.o

.ARM.exidx      0x00000000000857d4        0x8
 *(.ARM.exidx* .gnu.linkonce.armexidx.*)
 .ARM.exidx     0x00000000000857d4        0x8 /home/xinniw/eclipse/cpp-oxygen/eclipse/arduinoPlugin/packages/arduino/tools/arm-none-eabi-gcc/4.8.3-2014q1/bin/../lib/gcc/arm-none-eabi/4.8.3/armv7-m/libgcc.a(_divdi3.o)
 .ARM.exidx     0x00000000000857dc        0x0 /home/xinniw/eclipse/cpp-oxygen/eclipse/arduinoPlugin/packages/arduino/tools/arm-none-eabi-gcc/4.8.3-2014q1/bin/../lib/gcc/arm-none-eabi/4.8.3/armv7-m/libgcc.a(_udivdi3.o)
                                          0x8 (size before relaxing)
                0x00000000000857dc                PROVIDE (__exidx_end, .)

.eh_frame       0x00000000000857dc        0x0
 .eh_frame      0x00000000000857dc        0x0 /home/xinniw/eclipse/cpp-oxygen/eclipse/arduinoPlugin/packages/arduino/tools/arm-none-eabi-gcc/4.8.3-2014q1/bin/../lib/gcc/arm-none-eabi/4.8.3/armv7-m/crtbegin.o

.rel.dyn        0x00000000000857dc        0x0
 .rel.iplt      0x0000000000000000        0x0 /home/xinniw/eclipse/cpp-oxygen/eclipse/arduinoPlugin/packages/arduino/tools/arm-none-eabi-gcc/4.8.3-2014q1/bin/../lib/gcc/arm-none-eabi/4.8.3/armv7-m/crtbegin.o

.jcr            0x00000000000857dc        0x0
 .jcr           0x00000000000857dc        0x0 /home/xinniw/eclipse/cpp-oxygen/eclipse/arduinoPlugin/packages/arduino/tools/arm-none-eabi-gcc/4.8.3-2014q1/bin/../lib/gcc/arm-none-eabi/4.8.3/armv7-m/crtbegin.o

.igot.plt       0x00000000000857dc        0x0
 .igot.plt      0x0000000000000000        0x0 /home/xinniw/eclipse/cpp-oxygen/eclipse/arduinoPlugin/packages/arduino/tools/arm-none-eabi-gcc/4.8.3-2014q1/bin/../lib/gcc/arm-none-eabi/4.8.3/armv7-m/crtbegin.o
                0x00000000000857dc                . = ALIGN (0x4)
                0x00000000000857dc                _etext = .

.relocate       0x0000000020070000      0x8d4 load address 0x00000000000857dc
                0x0000000020070000                . = ALIGN (0x4)
                0x0000000020070000                _srelocate = .
 *(.ramfunc .ramfunc.*)
 .ramfunc       0x0000000020070000       0x2c /home/xinniw/Development/arduino/arduino-due-example-project/due_project_runner/Release/arduino.ar(Reset.cpp.o)
                0x0000000020070000                banzai
 *(.data .data.*)
 .data.EndPoints
                0x000000002007002c       0x28 /home/xinniw/Development/arduino/arduino-due-example-project/due_project_runner/Release/arduino.ar(USBCore.cpp.o)
                0x000000002007002c                EndPoints
 .data._ZL5ticks
                0x0000000020070054        0x4 /home/xinniw/Development/arduino/arduino-due-example-project/due_project_runner/Release/arduino.ar(Reset.cpp.o)
 .data._ZL10breakValue
                0x0000000020070058        0x4 /home/xinniw/Development/arduino/arduino-due-example-project/due_project_runner/Release/arduino.ar(CDC.cpp.o)
 .data._ZL12_usbLineInfo
                0x000000002007005c        0x8 /home/xinniw/Development/arduino/arduino-due-example-project/due_project_runner/Release/arduino.ar(CDC.cpp.o)
 .data.SystemCoreClock
                0x0000000020070064        0x4 /home/xinniw/eclipse/cpp-oxygen/eclipse//arduinoPlugin/packages/arduino/hardware/sam/1.6.11/variants/arduino_due_x/libsam_sam3x8e_gcc_rel.a(system_sam3xa.o)
                0x0000000020070064                SystemCoreClock
 .data.g_interrupt_enabled
                0x0000000020070068        0x4 /home/xinniw/eclipse/cpp-oxygen/eclipse//arduinoPlugin/packages/arduino/hardware/sam/1.6.11/variants/arduino_due_x/libsam_sam3x8e_gcc_rel.a(interrupt_sam_nvic.o)
                0x0000000020070068                g_interrupt_enabled
 *fill*         0x000000002007006c        0x4 
 .data.impure_data
                0x0000000020070070      0x428 /home/xinniw/eclipse/cpp-oxygen/eclipse/arduinoPlugin/packages/arduino/tools/arm-none-eabi-gcc/4.8.3-2014q1/bin/../lib/gcc/arm-none-eabi/4.8.3/../../../../arm-none-eabi/lib/armv7-m/libg.a(lib_a-impure.o)
 .data._impure_ptr
                0x0000000020070498        0x4 /home/xinniw/eclipse/cpp-oxygen/eclipse/arduinoPlugin/packages/arduino/tools/arm-none-eabi-gcc/4.8.3-2014q1/bin/../lib/gcc/arm-none-eabi/4.8.3/../../../../arm-none-eabi/lib/armv7-m/libg.a(lib_a-impure.o)
                0x0000000020070498                _impure_ptr
 .data.lc_ctype_charset
                0x000000002007049c       0x20 /home/xinniw/eclipse/cpp-oxygen/eclipse/arduinoPlugin/packages/arduino/tools/arm-none-eabi-gcc/4.8.3-2014q1/bin/../lib/gcc/arm-none-eabi/4.8.3/../../../../arm-none-eabi/lib/armv7-m/libg.a(lib_a-locale.o)
 .data.__mb_cur_max
                0x00000000200704bc        0x4 /home/xinniw/eclipse/cpp-oxygen/eclipse/arduinoPlugin/packages/arduino/tools/arm-none-eabi-gcc/4.8.3-2014q1/bin/../lib/gcc/arm-none-eabi/4.8.3/../../../../arm-none-eabi/lib/armv7-m/libg.a(lib_a-locale.o)
                0x00000000200704bc                __mb_cur_max
 .data.__malloc_av_
                0x00000000200704c0      0x408 /home/xinniw/eclipse/cpp-oxygen/eclipse/arduinoPlugin/packages/arduino/tools/arm-none-eabi-gcc/4.8.3-2014q1/bin/../lib/gcc/arm-none-eabi/4.8.3/../../../../arm-none-eabi/lib/armv7-m/libg.a(lib_a-mallocr.o)
                0x00000000200704c0                __malloc_av_
 .data.__malloc_trim_threshold
                0x00000000200708c8        0x4 /home/xinniw/eclipse/cpp-oxygen/eclipse/arduinoPlugin/packages/arduino/tools/arm-none-eabi-gcc/4.8.3-2014q1/bin/../lib/gcc/arm-none-eabi/4.8.3/../../../../arm-none-eabi/lib/armv7-m/libg.a(lib_a-mallocr.o)
                0x00000000200708c8                __malloc_trim_threshold
 .data.__malloc_sbrk_base
                0x00000000200708cc        0x4 /home/xinniw/eclipse/cpp-oxygen/eclipse/arduinoPlugin/packages/arduino/tools/arm-none-eabi-gcc/4.8.3-2014q1/bin/../lib/gcc/arm-none-eabi/4.8.3/../../../../arm-none-eabi/lib/armv7-m/libg.a(lib_a-mallocr.o)
                0x00000000200708cc                __malloc_sbrk_base
 .data.__wctomb
                0x00000000200708d0        0x4 /home/xinniw/eclipse/cpp-oxygen/eclipse/arduinoPlugin/packages/arduino/tools/arm-none-eabi-gcc/4.8.3-2014q1/bin/../lib/gcc/arm-none-eabi/4.8.3/../../../../arm-none-eabi/lib/armv7-m/libg.a(lib_a-wctomb_r.o)
                0x00000000200708d0                __wctomb
                0x00000000200708d4                . = ALIGN (0x4)
                0x00000000200708d4                _erelocate = .

.bss            0x00000000200708d4      0xa2c load address 0x00000000000860b0
                0x00000000200708d4                . = ALIGN (0x4)
                0x00000000200708d4                _sbss = .
                0x00000000200708d4                _szero = .
 *(.bss .bss.*)
 .bss           0x00000000200708d4       0x1c /home/xinniw/eclipse/cpp-oxygen/eclipse/arduinoPlugin/packages/arduino/tools/arm-none-eabi-gcc/4.8.3-2014q1/bin/../lib/gcc/arm-none-eabi/4.8.3/armv7-m/crtbegin.o
 .bss.counter   0x00000000200708f0        0x4 ./sloeber.ino.cpp.o
                0x00000000200708f0                counter
 .bss.gpf_isr   0x00000000200708f4        0x4 /home/xinniw/eclipse/cpp-oxygen/eclipse//arduinoPlugin/packages/arduino/hardware/sam/1.6.11/variants/arduino_due_x/libsam_sam3x8e_gcc_rel.a(uotghs.o)
                0x00000000200708f4                gpf_isr
 .bss.tx_buffer2
                0x00000000200708f8       0x88 /home/xinniw/Development/arduino/arduino-due-example-project/due_project_runner/Release/arduino.ar(variant.cpp.o)
                0x00000000200708f8                tx_buffer2
 .bss.tx_buffer1
                0x0000000020070980       0x88 /home/xinniw/Development/arduino/arduino-due-example-project/due_project_runner/Release/arduino.ar(variant.cpp.o)
                0x0000000020070980                tx_buffer1
 .bss.Serial    0x0000000020070a08       0x24 /home/xinniw/Development/arduino/arduino-due-example-project/due_project_runner/Release/arduino.ar(variant.cpp.o)
                0x0000000020070a08                Serial
 .bss.rx_buffer1
                0x0000000020070a2c       0x88 /home/xinniw/Development/arduino/arduino-due-example-project/due_project_runner/Release/arduino.ar(variant.cpp.o)
                0x0000000020070a2c                rx_buffer1
 .bss.Serial1   0x0000000020070ab4       0x28 /home/xinniw/Development/arduino/arduino-due-example-project/due_project_runner/Release/arduino.ar(variant.cpp.o)
                0x0000000020070ab4                Serial1
 .bss.Serial2   0x0000000020070adc       0x28 /home/xinniw/Development/arduino/arduino-due-example-project/due_project_runner/Release/arduino.ar(variant.cpp.o)
                0x0000000020070adc                Serial2
 .bss.Serial3   0x0000000020070b04       0x28 /home/xinniw/Development/arduino/arduino-due-example-project/due_project_runner/Release/arduino.ar(variant.cpp.o)
                0x0000000020070b04                Serial3
 .bss.tx_buffer3
                0x0000000020070b2c       0x88 /home/xinniw/Development/arduino/arduino-due-example-project/due_project_runner/Release/arduino.ar(variant.cpp.o)
                0x0000000020070b2c                tx_buffer3
 .bss.tx_buffer4
                0x0000000020070bb4       0x88 /home/xinniw/Development/arduino/arduino-due-example-project/due_project_runner/Release/arduino.ar(variant.cpp.o)
                0x0000000020070bb4                tx_buffer4
 .bss.g_pinStatus
                0x0000000020070c3c       0x4f /home/xinniw/Development/arduino/arduino-due-example-project/due_project_runner/Release/arduino.ar(variant.cpp.o)
                0x0000000020070c3c                g_pinStatus
 *fill*         0x0000000020070c8b        0x1 
 .bss.rx_buffer2
                0x0000000020070c8c       0x88 /home/xinniw/Development/arduino/arduino-due-example-project/due_project_runner/Release/arduino.ar(variant.cpp.o)
                0x0000000020070c8c                rx_buffer2
 .bss.rx_buffer3
                0x0000000020070d14       0x88 /home/xinniw/Development/arduino/arduino-due-example-project/due_project_runner/Release/arduino.ar(variant.cpp.o)
                0x0000000020070d14                rx_buffer3
 .bss.rx_buffer4
                0x0000000020070d9c       0x88 /home/xinniw/Development/arduino/arduino-due-example-project/due_project_runner/Release/arduino.ar(variant.cpp.o)
                0x0000000020070d9c                rx_buffer4
 .bss.callbacksPioA
                0x0000000020070e24       0x80 /home/xinniw/Development/arduino/arduino-due-example-project/due_project_runner/Release/arduino.ar(WInterrupts.c.o)
 .bss.callbacksPioB
                0x0000000020070ea4       0x80 /home/xinniw/Development/arduino/arduino-due-example-project/due_project_runner/Release/arduino.ar(WInterrupts.c.o)
 .bss.callbacksPioC
                0x0000000020070f24       0x80 /home/xinniw/Development/arduino/arduino-due-example-project/due_project_runner/Release/arduino.ar(WInterrupts.c.o)
 .bss.callbacksPioD
                0x0000000020070fa4       0x80 /home/xinniw/Development/arduino/arduino-due-example-project/due_project_runner/Release/arduino.ar(WInterrupts.c.o)
 .bss.heap.6420
                0x0000000020071024        0x4 /home/xinniw/Development/arduino/arduino-due-example-project/due_project_runner/Release/arduino.ar(syscalls_sam3.c.o)
 .bss._cmark    0x0000000020071028        0x2 /home/xinniw/Development/arduino/arduino-due-example-project/due_project_runner/Release/arduino.ar(USBCore.cpp.o)
                0x0000000020071028                _cmark
 .bss._ZL14isEndpointHalt
                0x000000002007102a        0x1 /home/xinniw/Development/arduino/arduino-due-example-project/due_project_runner/Release/arduino.ar(USBCore.cpp.o)
 *fill*         0x000000002007102b        0x1 
 .bss._cdcComposite
                0x000000002007102c        0x4 /home/xinniw/Development/arduino/arduino-due-example-project/due_project_runner/Release/arduino.ar(USBCore.cpp.o)
                0x000000002007102c                _cdcComposite
 .bss._ZL21isRemoteWakeUpEnabled
                0x0000000020071030        0x1 /home/xinniw/Development/arduino/arduino-due-example-project/due_project_runner/Release/arduino.ar(USBCore.cpp.o)
 *fill*         0x0000000020071031        0x3 
 .bss._usbInitialized
                0x0000000020071034        0x4 /home/xinniw/Development/arduino/arduino-due-example-project/due_project_runner/Release/arduino.ar(USBCore.cpp.o)
                0x0000000020071034                _usbInitialized
 .bss.USBDevice
                0x0000000020071038        0x1 /home/xinniw/Development/arduino/arduino-due-example-project/due_project_runner/Release/arduino.ar(USBCore.cpp.o)
                0x0000000020071038                USBDevice
 *fill*         0x0000000020071039        0x3 
 .bss._usbSetInterface
                0x000000002007103c        0x4 /home/xinniw/Development/arduino/arduino-due-example-project/due_project_runner/Release/arduino.ar(USBCore.cpp.o)
                0x000000002007103c                _usbSetInterface
 .bss._cend     0x0000000020071040        0x2 /home/xinniw/Development/arduino/arduino-due-example-project/due_project_runner/Release/arduino.ar(USBCore.cpp.o)
                0x0000000020071040                _cend
 *fill*         0x0000000020071042        0x2 
 .bss._usbConfiguration
                0x0000000020071044        0x4 /home/xinniw/Development/arduino/arduino-due-example-project/due_project_runner/Release/arduino.ar(USBCore.cpp.o)
                0x0000000020071044                _usbConfiguration
 .bss.cdc_rx_buffer
                0x0000000020071048      0x208 /home/xinniw/Development/arduino/arduino-due-example-project/due_project_runner/Release/arduino.ar(CDC.cpp.o)
                0x0000000020071048                cdc_rx_buffer
 .bss._ZZN7Serial_6acceptEvE5guard
                0x0000000020071250        0x4 /home/xinniw/Development/arduino/arduino-due-example-project/due_project_runner/Release/arduino.ar(CDC.cpp.o)
 .bss.SerialUSB
                0x0000000020071254       0x14 /home/xinniw/Development/arduino/arduino-due-example-project/due_project_runner/Release/arduino.ar(CDC.cpp.o)
                0x0000000020071254                SerialUSB
 .bss._ZZ12PluggableUSBvE3obj
                0x0000000020071268        0x8 /home/xinniw/Development/arduino/arduino-due-example-project/due_project_runner/Release/arduino.ar(PluggableUSB.cpp.o)
 .bss._ZGVZ12PluggableUSBvE3obj
                0x0000000020071270        0x4 /home/xinniw/Development/arduino/arduino-due-example-project/due_project_runner/Release/arduino.ar(PluggableUSB.cpp.o)
 .bss._dwTickCount
                0x0000000020071274        0x4 /home/xinniw/eclipse/cpp-oxygen/eclipse//arduinoPlugin/packages/arduino/hardware/sam/1.6.11/variants/arduino_due_x/libsam_sam3x8e_gcc_rel.a(timetick.o)
 .bss.ul_recv_fifo_ptr
                0x0000000020071278       0x28 /home/xinniw/eclipse/cpp-oxygen/eclipse//arduinoPlugin/packages/arduino/hardware/sam/1.6.11/variants/arduino_due_x/libsam_sam3x8e_gcc_rel.a(uotghs_device.o)
 .bss.ul_send_fifo_ptr
                0x00000000200712a0       0x28 /home/xinniw/eclipse/cpp-oxygen/eclipse//arduinoPlugin/packages/arduino/hardware/sam/1.6.11/variants/arduino_due_x/libsam_sam3x8e_gcc_rel.a(uotghs_device.o)
 .bss.__malloc_max_total_mem
                0x00000000200712c8        0x4 /home/xinniw/eclipse/cpp-oxygen/eclipse/arduinoPlugin/packages/arduino/tools/arm-none-eabi-gcc/4.8.3-2014q1/bin/../lib/gcc/arm-none-eabi/4.8.3/../../../../arm-none-eabi/lib/armv7-m/libg.a(lib_a-mallocr.o)
                0x00000000200712c8                __malloc_max_total_mem
 .bss.__malloc_max_sbrked_mem
                0x00000000200712cc        0x4 /home/xinniw/eclipse/cpp-oxygen/eclipse/arduinoPlugin/packages/arduino/tools/arm-none-eabi-gcc/4.8.3-2014q1/bin/../lib/gcc/arm-none-eabi/4.8.3/../../../../arm-none-eabi/lib/armv7-m/libg.a(lib_a-mallocr.o)
                0x00000000200712cc                __malloc_max_sbrked_mem
 .bss.__malloc_top_pad
                0x00000000200712d0        0x4 /home/xinniw/eclipse/cpp-oxygen/eclipse/arduinoPlugin/packages/arduino/tools/arm-none-eabi-gcc/4.8.3-2014q1/bin/../lib/gcc/arm-none-eabi/4.8.3/../../../../arm-none-eabi/lib/armv7-m/libg.a(lib_a-mallocr.o)
                0x00000000200712d0                __malloc_top_pad
 .bss.__malloc_current_mallinfo
                0x00000000200712d4       0x28 /home/xinniw/eclipse/cpp-oxygen/eclipse/arduinoPlugin/packages/arduino/tools/arm-none-eabi-gcc/4.8.3-2014q1/bin/../lib/gcc/arm-none-eabi/4.8.3/../../../../arm-none-eabi/lib/armv7-m/libg.a(lib_a-mallocr.o)
                0x00000000200712d4                __malloc_current_mallinfo
 *(COMMON)
 COMMON         0x00000000200712fc        0x4 /home/xinniw/eclipse/cpp-oxygen/eclipse/arduinoPlugin/packages/arduino/tools/arm-none-eabi-gcc/4.8.3-2014q1/bin/../lib/gcc/arm-none-eabi/4.8.3/../../../../arm-none-eabi/lib/armv7-m/libg.a(lib_a-reent.o)
                0x00000000200712fc                errno
                0x0000000020071300                . = ALIGN (0x4)
                0x0000000020071300                _ebss = .
                0x0000000020071300                _ezero = .
                0x0000000020071300                . = ALIGN (0x4)
                0x0000000020071300                _end = .

.stack_dummy    0x0000000020071300        0x0
 *(.stack*)
                0x0000000020088000                __StackTop = (ORIGIN (ram) + 0x18000)
                0x0000000020088000                __StackLimit = (__StackTop - SIZEOF (.stack_dummy))
                0x0000000020088000                PROVIDE (_sstack, __StackLimit)
                0x0000000020088000                PROVIDE (_estack, __StackTop)
OUTPUT(/home/xinniw/Development/arduino/arduino-due-example-project/due_project_runner/Release/teensy_project_runner.elf elf32-littlearm)

.ARM.attributes
                0x0000000000000000       0x29
 .ARM.attributes
                0x0000000000000000       0x1d /home/xinniw/eclipse/cpp-oxygen/eclipse/arduinoPlugin/packages/arduino/tools/arm-none-eabi-gcc/4.8.3-2014q1/bin/../lib/gcc/arm-none-eabi/4.8.3/armv7-m/crti.o
 .ARM.attributes
                0x000000000000001d       0x2d /home/xinniw/eclipse/cpp-oxygen/eclipse/arduinoPlugin/packages/arduino/tools/arm-none-eabi-gcc/4.8.3-2014q1/bin/../lib/gcc/arm-none-eabi/4.8.3/armv7-m/crtbegin.o
 .ARM.attributes
                0x000000000000004a       0x33 ./sloeber.ino.cpp.o
 .ARM.attributes
                0x000000000000007d       0x33 ./libraries/src/factorial.cpp.o
 .ARM.attributes
                0x00000000000000b0       0x33 /home/xinniw/eclipse/cpp-oxygen/eclipse//arduinoPlugin/packages/arduino/hardware/sam/1.6.11/variants/arduino_due_x/libsam_sam3x8e_gcc_rel.a(startup_sam3xa.o)
 .ARM.attributes
                0x00000000000000e3       0x33 /home/xinniw/eclipse/cpp-oxygen/eclipse//arduinoPlugin/packages/arduino/hardware/sam/1.6.11/variants/arduino_due_x/libsam_sam3x8e_gcc_rel.a(uotghs.o)
 .ARM.attributes
                0x0000000000000116       0x33 /home/xinniw/Development/arduino/arduino-due-example-project/due_project_runner/Release/arduino.ar(variant.cpp.o)
 .ARM.attributes
                0x0000000000000149       0x33 /home/xinniw/Development/arduino/arduino-due-example-project/due_project_runner/Release/arduino.ar(Print.cpp.o)
 .ARM.attributes
                0x000000000000017c       0x33 /home/xinniw/Development/arduino/arduino-due-example-project/due_project_runner/Release/arduino.ar(RingBuffer.cpp.o)
 .ARM.attributes
                0x00000000000001af       0x33 /home/xinniw/Development/arduino/arduino-due-example-project/due_project_runner/Release/arduino.ar(UARTClass.cpp.o)
 .ARM.attributes
                0x00000000000001e2       0x33 /home/xinniw/Development/arduino/arduino-due-example-project/due_project_runner/Release/arduino.ar(USARTClass.cpp.o)
 .ARM.attributes
                0x0000000000000215       0x33 /home/xinniw/Development/arduino/arduino-due-example-project/due_project_runner/Release/arduino.ar(WInterrupts.c.o)
 .ARM.attributes
                0x0000000000000248       0x33 /home/xinniw/Development/arduino/arduino-due-example-project/due_project_runner/Release/arduino.ar(cortex_handlers.c.o)
 .ARM.attributes
                0x000000000000027b       0x33 /home/xinniw/Development/arduino/arduino-due-example-project/due_project_runner/Release/arduino.ar(hooks.c.o)
 .ARM.attributes
                0x00000000000002ae       0x33 /home/xinniw/Development/arduino/arduino-due-example-project/due_project_runner/Release/arduino.ar(main.cpp.o)
 .ARM.attributes
                0x00000000000002e1       0x33 /home/xinniw/Development/arduino/arduino-due-example-project/due_project_runner/Release/arduino.ar(syscalls_sam3.c.o)
 .ARM.attributes
                0x0000000000000314       0x33 /home/xinniw/Development/arduino/arduino-due-example-project/due_project_runner/Release/arduino.ar(watchdog.cpp.o)
 .ARM.attributes
                0x0000000000000347       0x33 /home/xinniw/Development/arduino/arduino-due-example-project/due_project_runner/Release/arduino.ar(wiring.c.o)
 .ARM.attributes
                0x000000000000037a       0x33 /home/xinniw/Development/arduino/arduino-due-example-project/due_project_runner/Release/arduino.ar(wiring_analog.c.o)
 .ARM.attributes
                0x00000000000003ad       0x33 /home/xinniw/Development/arduino/arduino-due-example-project/due_project_runner/Release/arduino.ar(wiring_digital.c.o)
 .ARM.attributes
                0x00000000000003e0       0x33 /home/xinniw/Development/arduino/arduino-due-example-project/due_project_runner/Release/arduino.ar(USBCore.cpp.o)
 .ARM.attributes
                0x0000000000000413       0x33 /home/xinniw/Development/arduino/arduino-due-example-project/due_project_runner/Release/arduino.ar(Reset.cpp.o)
 .ARM.attributes
                0x0000000000000446       0x33 /home/xinniw/Development/arduino/arduino-due-example-project/due_project_runner/Release/arduino.ar(CDC.cpp.o)
 .ARM.attributes
                0x0000000000000479       0x33 /home/xinniw/Development/arduino/arduino-due-example-project/due_project_runner/Release/arduino.ar(PluggableUSB.cpp.o)
 .ARM.attributes
                0x00000000000004ac       0x33 /home/xinniw/eclipse/cpp-oxygen/eclipse//arduinoPlugin/packages/arduino/hardware/sam/1.6.11/variants/arduino_due_x/libsam_sam3x8e_gcc_rel.a(pio.o)
 .ARM.attributes
                0x00000000000004df       0x33 /home/xinniw/eclipse/cpp-oxygen/eclipse//arduinoPlugin/packages/arduino/hardware/sam/1.6.11/variants/arduino_due_x/libsam_sam3x8e_gcc_rel.a(pmc.o)
 .ARM.attributes
                0x0000000000000512       0x33 /home/xinniw/eclipse/cpp-oxygen/eclipse//arduinoPlugin/packages/arduino/hardware/sam/1.6.11/variants/arduino_due_x/libsam_sam3x8e_gcc_rel.a(timetick.o)
 .ARM.attributes
                0x0000000000000545       0x33 /home/xinniw/eclipse/cpp-oxygen/eclipse//arduinoPlugin/packages/arduino/hardware/sam/1.6.11/variants/arduino_due_x/libsam_sam3x8e_gcc_rel.a(wdt.o)
 .ARM.attributes